Archive member included to satisfy reference by file (symbol)

/opt/Atollic_TrueSTUDIO_for_STM32_x86_64_9.3.0/ARMTools/bin/../lib/gcc/arm-atollic-eabi/6.3.1/../../../../arm-atollic-eabi/lib/armv7e-m/fpu/libc_nano.a(lib_a-errno.o)
                              Src/syscalls.o (__errno)
/opt/Atollic_TrueSTUDIO_for_STM32_x86_64_9.3.0/ARMTools/bin/../lib/gcc/arm-atollic-eabi/6.3.1/../../../../arm-atollic-eabi/lib/armv7e-m/fpu/libc_nano.a(lib_a-impure.o)
                              /opt/Atollic_TrueSTUDIO_for_STM32_x86_64_9.3.0/ARMTools/bin/../lib/gcc/arm-atollic-eabi/6.3.1/../../../../arm-atollic-eabi/lib/armv7e-m/fpu/libc_nano.a(lib_a-errno.o) (_impure_ptr)
/opt/Atollic_TrueSTUDIO_for_STM32_x86_64_9.3.0/ARMTools/bin/../lib/gcc/arm-atollic-eabi/6.3.1/../../../../arm-atollic-eabi/lib/armv7e-m/fpu/libc_nano.a(lib_a-init.o)
                              startup/startup_stm32l475xx.o (__libc_init_array)
/opt/Atollic_TrueSTUDIO_for_STM32_x86_64_9.3.0/ARMTools/bin/../lib/gcc/arm-atollic-eabi/6.3.1/../../../../arm-atollic-eabi/lib/armv7e-m/fpu/libc_nano.a(lib_a-memset.o)
                              Src/main.o (memset)
/opt/Atollic_TrueSTUDIO_for_STM32_x86_64_9.3.0/ARMTools/bin/../lib/gcc/arm-atollic-eabi/6.3.1/../../../../arm-atollic-eabi/lib/armv7e-m/fpu/libc_nano.a(lib_a-snprintf.o)
                              Src/main.o (snprintf)
/opt/Atollic_TrueSTUDIO_for_STM32_x86_64_9.3.0/ARMTools/bin/../lib/gcc/arm-atollic-eabi/6.3.1/../../../../arm-atollic-eabi/lib/armv7e-m/fpu/libc_nano.a(lib_a-nano-svfprintf.o)
                              /opt/Atollic_TrueSTUDIO_for_STM32_x86_64_9.3.0/ARMTools/bin/../lib/gcc/arm-atollic-eabi/6.3.1/../../../../arm-atollic-eabi/lib/armv7e-m/fpu/libc_nano.a(lib_a-snprintf.o) (_svfprintf_r)
/opt/Atollic_TrueSTUDIO_for_STM32_x86_64_9.3.0/ARMTools/bin/../lib/gcc/arm-atollic-eabi/6.3.1/../../../../arm-atollic-eabi/lib/armv7e-m/fpu/libc_nano.a(lib_a-nano-vfprintf_i.o)
                              /opt/Atollic_TrueSTUDIO_for_STM32_x86_64_9.3.0/ARMTools/bin/../lib/gcc/arm-atollic-eabi/6.3.1/../../../../arm-atollic-eabi/lib/armv7e-m/fpu/libc_nano.a(lib_a-nano-svfprintf.o) (_printf_i)
/opt/Atollic_TrueSTUDIO_for_STM32_x86_64_9.3.0/ARMTools/bin/../lib/gcc/arm-atollic-eabi/6.3.1/../../../../arm-atollic-eabi/lib/armv7e-m/fpu/libc_nano.a(lib_a-memchr.o)
                              /opt/Atollic_TrueSTUDIO_for_STM32_x86_64_9.3.0/ARMTools/bin/../lib/gcc/arm-atollic-eabi/6.3.1/../../../../arm-atollic-eabi/lib/armv7e-m/fpu/libc_nano.a(lib_a-nano-svfprintf.o) (memchr)
/opt/Atollic_TrueSTUDIO_for_STM32_x86_64_9.3.0/ARMTools/bin/../lib/gcc/arm-atollic-eabi/6.3.1/../../../../arm-atollic-eabi/lib/armv7e-m/fpu/libc_nano.a(lib_a-memcpy-stub.o)
                              /opt/Atollic_TrueSTUDIO_for_STM32_x86_64_9.3.0/ARMTools/bin/../lib/gcc/arm-atollic-eabi/6.3.1/../../../../arm-atollic-eabi/lib/armv7e-m/fpu/libc_nano.a(lib_a-nano-svfprintf.o) (memcpy)
/opt/Atollic_TrueSTUDIO_for_STM32_x86_64_9.3.0/ARMTools/bin/../lib/gcc/arm-atollic-eabi/6.3.1/../../../../arm-atollic-eabi/lib/armv7e-m/fpu/libc_nano.a(lib_a-memmove.o)
                              /opt/Atollic_TrueSTUDIO_for_STM32_x86_64_9.3.0/ARMTools/bin/../lib/gcc/arm-atollic-eabi/6.3.1/../../../../arm-atollic-eabi/lib/armv7e-m/fpu/libc_nano.a(lib_a-nano-svfprintf.o) (memmove)
/opt/Atollic_TrueSTUDIO_for_STM32_x86_64_9.3.0/ARMTools/bin/../lib/gcc/arm-atollic-eabi/6.3.1/../../../../arm-atollic-eabi/lib/armv7e-m/fpu/libc_nano.a(lib_a-nano-freer.o)
                              /opt/Atollic_TrueSTUDIO_for_STM32_x86_64_9.3.0/ARMTools/bin/../lib/gcc/arm-atollic-eabi/6.3.1/../../../../arm-atollic-eabi/lib/armv7e-m/fpu/libc_nano.a(lib_a-nano-svfprintf.o) (_free_r)
/opt/Atollic_TrueSTUDIO_for_STM32_x86_64_9.3.0/ARMTools/bin/../lib/gcc/arm-atollic-eabi/6.3.1/../../../../arm-atollic-eabi/lib/armv7e-m/fpu/libc_nano.a(lib_a-nano-mallocr.o)
                              /opt/Atollic_TrueSTUDIO_for_STM32_x86_64_9.3.0/ARMTools/bin/../lib/gcc/arm-atollic-eabi/6.3.1/../../../../arm-atollic-eabi/lib/armv7e-m/fpu/libc_nano.a(lib_a-nano-svfprintf.o) (_malloc_r)
/opt/Atollic_TrueSTUDIO_for_STM32_x86_64_9.3.0/ARMTools/bin/../lib/gcc/arm-atollic-eabi/6.3.1/../../../../arm-atollic-eabi/lib/armv7e-m/fpu/libc_nano.a(lib_a-nano-reallocr.o)
                              /opt/Atollic_TrueSTUDIO_for_STM32_x86_64_9.3.0/ARMTools/bin/../lib/gcc/arm-atollic-eabi/6.3.1/../../../../arm-atollic-eabi/lib/armv7e-m/fpu/libc_nano.a(lib_a-nano-svfprintf.o) (_realloc_r)
/opt/Atollic_TrueSTUDIO_for_STM32_x86_64_9.3.0/ARMTools/bin/../lib/gcc/arm-atollic-eabi/6.3.1/../../../../arm-atollic-eabi/lib/armv7e-m/fpu/libc_nano.a(lib_a-sbrkr.o)
                              /opt/Atollic_TrueSTUDIO_for_STM32_x86_64_9.3.0/ARMTools/bin/../lib/gcc/arm-atollic-eabi/6.3.1/../../../../arm-atollic-eabi/lib/armv7e-m/fpu/libc_nano.a(lib_a-nano-mallocr.o) (_sbrk_r)
[...]
Memory Configuration

Name             Origin             Length             Attributes
RAM              0x0000000020000000 0x0000000000018000 xrw
RAM2             0x0000000010000000 0x0000000000008000 xrw
FLASH            0x0000000008000000 0x0000000000100000 xr
*default*        0x0000000000000000 0xffffffffffffffff

Linker script and memory map

LOAD /opt/Atollic_TrueSTUDIO_for_STM32_x86_64_9.3.0/ARMTools/bin/../lib/gcc/arm-atollic-eabi/6.3.1/armv7e-m/fpu/crti.o
LOAD /opt/Atollic_TrueSTUDIO_for_STM32_x86_64_9.3.0/ARMTools/bin/../lib/gcc/arm-atollic-eabi/6.3.1/armv7e-m/fpu/crtbegin.o
LOAD Drivers/BSP/B-L475E-IOT01/stm32l475e_iot01.o
LOAD Drivers/BSP/B-L475E-IOT01/stm32l475e_iot01_hsensor.o
LOAD Drivers/BSP/B-L475E-IOT01/stm32l475e_iot01_psensor.o
LOAD Drivers/BSP/B-L475E-IOT01/stm32l475e_iot01_tsensor.o
LOAD Drivers/BSP/Components/hts221/hts221.o
LOAD Drivers/BSP/Components/lps22hb/lps22hb.o
LOAD Drivers/STM32L4xx_HAL_Driver/Src/stm32l4xx_hal.o
LOAD Drivers/STM32L4xx_HAL_Driver/Src/stm32l4xx_hal_adc.o
LOAD Drivers/STM32L4xx_HAL_Driver/Src/stm32l4xx_hal_adc_ex.o
LOAD Drivers/STM32L4xx_HAL_Driver/Src/stm32l4xx_hal_cortex.o
LOAD Drivers/STM32L4xx_HAL_Driver/Src/stm32l4xx_hal_dfsdm.o
LOAD Drivers/STM32L4xx_HAL_Driver/Src/stm32l4xx_hal_dma.o
LOAD Drivers/STM32L4xx_HAL_Driver/Src/stm32l4xx_hal_dma_ex.o
LOAD Drivers/STM32L4xx_HAL_Driver/Src/stm32l4xx_hal_exti.o
LOAD Drivers/STM32L4xx_HAL_Driver/Src/stm32l4xx_hal_flash.o
LOAD Drivers/STM32L4xx_HAL_Driver/Src/stm32l4xx_hal_flash_ex.o
LOAD Drivers/STM32L4xx_HAL_Driver/Src/stm32l4xx_hal_flash_ramfunc.o
LOAD Drivers/STM32L4xx_HAL_Driver/Src/stm32l4xx_hal_gpio.o
LOAD Drivers/STM32L4xx_HAL_Driver/Src/stm32l4xx_hal_i2c.o
LOAD Drivers/STM32L4xx_HAL_Driver/Src/stm32l4xx_hal_i2c_ex.o
LOAD Drivers/STM32L4xx_HAL_Driver/Src/stm32l4xx_hal_pcd.o
LOAD Drivers/STM32L4xx_HAL_Driver/Src/stm32l4xx_hal_pcd_ex.o
LOAD Drivers/STM32L4xx_HAL_Driver/Src/stm32l4xx_hal_pwr.o
LOAD Drivers/STM32L4xx_HAL_Driver/Src/stm32l4xx_hal_pwr_ex.o
LOAD Drivers/STM32L4xx_HAL_Driver/Src/stm32l4xx_hal_qspi.o
LOAD Drivers/STM32L4xx_HAL_Driver/Src/stm32l4xx_hal_rcc.o
LOAD Drivers/STM32L4xx_HAL_Driver/Src/stm32l4xx_hal_rcc_ex.o
LOAD Drivers/STM32L4xx_HAL_Driver/Src/stm32l4xx_hal_spi.o
LOAD Drivers/STM32L4xx_HAL_Driver/Src/stm32l4xx_hal_spi_ex.o
LOAD Drivers/STM32L4xx_HAL_Driver/Src/stm32l4xx_hal_tim.o
LOAD Drivers/STM32L4xx_HAL_Driver/Src/stm32l4xx_hal_tim_ex.o
LOAD Drivers/STM32L4xx_HAL_Driver/Src/stm32l4xx_hal_uart.o
LOAD Drivers/STM32L4xx_HAL_Driver/Src/stm32l4xx_hal_uart_ex.o
LOAD Drivers/STM32L4xx_HAL_Driver/Src/stm32l4xx_ll_usb.o
LOAD Src/main.o
LOAD Src/stm32l4xx_hal_msp.o
LOAD Src/stm32l4xx_it.o
LOAD Src/syscalls.o
LOAD Src/system_stm32l4xx.o
LOAD startup/startup_stm32l475xx.o
                0x0000000000000080                malloc_getpagesize_P = 0x80
START GROUP
LOAD /opt/Atollic_TrueSTUDIO_for_STM32_x86_64_9.3.0/ARMTools/bin/../lib/gcc/arm-atollic-eabi/6.3.1/../../../../arm-atollic-eabi/lib/armv7e-m/fpu/libc_nano.a
LOAD /opt/Atollic_TrueSTUDIO_for_STM32_x86_64_9.3.0/ARMTools/bin/../lib/gcc/arm-atollic-eabi/6.3.1/../../../../arm-atollic-eabi/lib/armv7e-m/fpu/libm.a
END GROUP
START GROUP
LOAD /opt/Atollic_TrueSTUDIO_for_STM32_x86_64_9.3.0/ARMTools/bin/../lib/gcc/arm-atollic-eabi/6.3.1/armv7e-m/fpu/libgcc.a
LOAD /opt/Atollic_TrueSTUDIO_for_STM32_x86_64_9.3.0/ARMTools/bin/../lib/gcc/arm-atollic-eabi/6.3.1/../../../../arm-atollic-eabi/lib/armv7e-m/fpu/libc_nano.a
END GROUP
START GROUP
LOAD /opt/Atollic_TrueSTUDIO_for_STM32_x86_64_9.3.0/ARMTools/bin/../lib/gcc/arm-atollic-eabi/6.3.1/armv7e-m/fpu/libgcc.a
LOAD /opt/Atollic_TrueSTUDIO_for_STM32_x86_64_9.3.0/ARMTools/bin/../lib/gcc/arm-atollic-eabi/6.3.1/../../../../arm-atollic-eabi/lib/armv7e-m/fpu/libc_nano.a
LOAD /opt/Atollic_TrueSTUDIO_for_STM32_x86_64_9.3.0/ARMTools/bin/../lib/gcc/arm-atollic-eabi/6.3.1/../../../../arm-atollic-eabi/lib/armv7e-m/fpu/libnosys.a
END GROUP
START GROUP
LOAD /opt/Atollic_TrueSTUDIO_for_STM32_x86_64_9.3.0/ARMTools/bin/../lib/gcc/arm-atollic-eabi/6.3.1/armv7e-m/fpu/libgcc.a
LOAD /opt/Atollic_TrueSTUDIO_for_STM32_x86_64_9.3.0/ARMTools/bin/../lib/gcc/arm-atollic-eabi/6.3.1/../../../../arm-atollic-eabi/lib/armv7e-m/fpu/libc_nano.a
LOAD /opt/Atollic_TrueSTUDIO_for_STM32_x86_64_9.3.0/ARMTools/bin/../lib/gcc/arm-atollic-eabi/6.3.1/../../../../arm-atollic-eabi/lib/armv7e-m/fpu/libnosys.a
END GROUP
LOAD /opt/Atollic_TrueSTUDIO_for_STM32_x86_64_9.3.0/ARMTools/bin/../lib/gcc/arm-atollic-eabi/6.3.1/armv7e-m/fpu/crtend.o
LOAD /opt/Atollic_TrueSTUDIO_for_STM32_x86_64_9.3.0/ARMTools/bin/../lib/gcc/arm-atollic-eabi/6.3.1/armv7e-m/fpu/crtn.o
                0x0000000020018000                _estack = 0x20018000
                0x0000000000000200                _Min_Heap_Size = 0x200
                0x0000000000000400                _Min_Stack_Size = 0x400

.isr_vector     0x0000000008000000      0x188
                0x0000000008000000                . = ALIGN (0x4)
 *(.isr_vector)
 .isr_vector    0x0000000008000000      0x188 startup/startup_stm32l475xx.o
                0x0000000008000000                g_pfnVectors
                0x0000000008000188                . = ALIGN (0x4)

.text           0x0000000008000190     0x4cbc
                0x0000000008000190                . = ALIGN (0x4)
 *(.text)
 .text          0x0000000008000190       0x40 /opt/Atollic_TrueSTUDIO_for_STM32_x86_64_9.3.0/ARMTools/bin/../lib/gcc/arm-atollic-eabi/6.3.1/armv7e-m/fpu/crtbegin.o
 .text          0x00000000080001d0       0xa0 /opt/Atollic_TrueSTUDIO_for_STM32_x86_64_9.3.0/ARMTools/bin/../lib/gcc/arm-atollic-eabi/6.3.1/../../../../arm-atollic-eabi/lib/armv7e-m/fpu/libc_nano.a(lib_a-memchr.o)
                0x00000000080001d0                memchr
 .text          0x0000000008000270       0x30 /opt/Atollic_TrueSTUDIO_for_STM32_x86_64_9.3.0/ARMTools/bin/../lib/gcc/arm-atollic-eabi/6.3.1/armv7e-m/fpu/libgcc.a(_aeabi_uldivmod.o)
                0x0000000008000270                __aeabi_uldivmod
 .text          0x00000000080002a0      0x2dc /opt/Atollic_TrueSTUDIO_for_STM32_x86_64_9.3.0/ARMTools/bin/../lib/gcc/arm-atollic-eabi/6.3.1/armv7e-m/fpu/libgcc.a(_udivmoddi4.o)
                0x00000000080002a0                __udivmoddi4
 .text          0x000000000800057c        0x4 /opt/Atollic_TrueSTUDIO_for_STM32_x86_64_9.3.0/ARMTools/bin/../lib/gcc/arm-atollic-eabi/6.3.1/armv7e-m/fpu/libgcc.a(_dvmd_tls.o)
                0x000000000800057c                __aeabi_ldiv0
                0x000000000800057c                __aeabi_idiv0
 *(.text*)
 .text.I2Cx_Init.constprop.8
                0x0000000008000580       0xc0 Drivers/BSP/B-L475E-IOT01/stm32l475e_iot01.o
 .text.SENSOR_IO_Init
                0x0000000008000640        0x4 Drivers/BSP/B-L475E-IOT01/stm32l475e_iot01.o
                0x0000000008000640                SENSOR_IO_Init
 .text.SENSOR_IO_Write
                0x0000000008000644       0x34 Drivers/BSP/B-L475E-IOT01/stm32l475e_iot01.o
                0x0000000008000644                SENSOR_IO_Write
 .text.SENSOR_IO_Read
                0x0000000008000678       0x3c Drivers/BSP/B-L475E-IOT01/stm32l475e_iot01.o
                0x0000000008000678                SENSOR_IO_Read
 .text.SENSOR_IO_ReadMultiple
                0x00000000080006b4       0x30 Drivers/BSP/B-L475E-IOT01/stm32l475e_iot01.o
                0x00000000080006b4                SENSOR_IO_ReadMultiple
 .text.BSP_HSENSOR_Init
                0x00000000080006e4       0x28 Drivers/BSP/B-L475E-IOT01/stm32l475e_iot01_hsensor.o
                0x00000000080006e4                BSP_HSENSOR_Init
 .text.BSP_HSENSOR_ReadHumidity
                0x000000000800070c       0x10 Drivers/BSP/B-L475E-IOT01/stm32l475e_iot01_hsensor.o
                0x000000000800070c                BSP_HSENSOR_ReadHumidity
 .text.BSP_PSENSOR_Init
                0x000000000800071c       0x28 Drivers/BSP/B-L475E-IOT01/stm32l475e_iot01_psensor.o
                0x000000000800071c                BSP_PSENSOR_Init
 .text.BSP_PSENSOR_ReadPressure
                0x0000000008000744       0x10 Drivers/BSP/B-L475E-IOT01/stm32l475e_iot01_psensor.o
                0x0000000008000744                BSP_PSENSOR_ReadPressure
 .text.BSP_TSENSOR_Init
                0x0000000008000754       0x24 Drivers/BSP/B-L475E-IOT01/stm32l475e_iot01_tsensor.o
                0x0000000008000754                BSP_TSENSOR_Init
 .text.BSP_TSENSOR_ReadTemp
                0x0000000008000778       0x10 Drivers/BSP/B-L475E-IOT01/stm32l475e_iot01_tsensor.o
                0x0000000008000778                BSP_TSENSOR_ReadTemp
 .text.HTS221_H_Init
                0x0000000008000788       0x20 Drivers/BSP/Components/hts221/hts221.o
                0x0000000008000788                HTS221_H_Init
 .text.HTS221_T_Init
                0x00000000080007a8       0x20 Drivers/BSP/Components/hts221/hts221.o
                0x00000000080007a8                HTS221_T_Init
 .text.HTS221_H_ReadID
                0x00000000080007c8       0x14 Drivers/BSP/Components/hts221/hts221.o
                0x00000000080007c8                HTS221_H_ReadID
 .text.HTS221_H_ReadHumidity
                0x00000000080007dc       0xe0 Drivers/BSP/Components/hts221/hts221.o
                0x00000000080007dc                HTS221_H_ReadHumidity
 .text.HTS221_T_ReadTemp
                0x00000000080008bc       0xb4 Drivers/BSP/Components/hts221/hts221.o
                0x00000000080008bc                HTS221_T_ReadTemp
 .text.LPS22HB_P_ReadPressure
                0x0000000008000970       0x5c Drivers/BSP/Components/lps22hb/lps22hb.o
                0x0000000008000970                LPS22HB_P_ReadPressure
 .text.LPS22HB_Init
                0x00000000080009cc       0x38 Drivers/BSP/Components/lps22hb/lps22hb.o
 .text.LPS22HB_P_Init
                0x0000000008000a04        0x4 Drivers/BSP/Components/lps22hb/lps22hb.o
                0x0000000008000a04                LPS22HB_P_Init
 .text.LPS22HB_P_ReadID
                0x0000000008000a08       0x14 Drivers/BSP/Components/lps22hb/lps22hb.o
                0x0000000008000a08                LPS22HB_P_ReadID
 .text.HAL_InitTick
                0x0000000008000a1c       0x4c Drivers/STM32L4xx_HAL_Driver/Src/stm32l4xx_hal.o
                0x0000000008000a1c                HAL_InitTick
 .text.HAL_Init
                0x0000000008000a68       0x1e Drivers/STM32L4xx_HAL_Driver/Src/stm32l4xx_hal.o
                0x0000000008000a68                HAL_Init
 *fill*         0x0000000008000a86        0x2 
 .text.HAL_IncTick
                0x0000000008000a88       0x18 Drivers/STM32L4xx_HAL_Driver/Src/stm32l4xx_hal.o
                0x0000000008000a88                HAL_IncTick
 .text.HAL_GetTick
                0x0000000008000aa0        0xc Drivers/STM32L4xx_HAL_Driver/Src/stm32l4xx_hal.o
                0x0000000008000aa0                HAL_GetTick
 .text.HAL_Delay
                0x0000000008000aac       0x28 Drivers/STM32L4xx_HAL_Driver/Src/stm32l4xx_hal.o
                0x0000000008000aac                HAL_Delay
 .text.LL_ADC_SetChannelSamplingTime
                0x0000000008000ad4       0x22 Drivers/STM32L4xx_HAL_Driver/Src/stm32l4xx_hal_adc.o
 .text.LL_ADC_IsEnabled
                0x0000000008000af6        0x8 Drivers/STM32L4xx_HAL_Driver/Src/stm32l4xx_hal_adc.o
 .text.LL_ADC_REG_IsConversionOngoing
                0x0000000008000afe        0x8 Drivers/STM32L4xx_HAL_Driver/Src/stm32l4xx_hal_adc.o
 *fill*         0x0000000008000b06        0x2 
 .text.HAL_ADC_Init
                0x0000000008000b08      0x1c0 Drivers/STM32L4xx_HAL_Driver/Src/stm32l4xx_hal_adc.o
                0x0000000008000b08                HAL_ADC_Init
 .text.HAL_ADC_PollForConversion
                0x0000000008000cc8       0xf0 Drivers/STM32L4xx_HAL_Driver/Src/stm32l4xx_hal_adc.o
                0x0000000008000cc8                HAL_ADC_PollForConversion
 .text.HAL_ADC_GetValue
                0x0000000008000db8        0x6 Drivers/STM32L4xx_HAL_Driver/Src/stm32l4xx_hal_adc.o
                0x0000000008000db8                HAL_ADC_GetValue
 *fill*         0x0000000008000dbe        0x2 
 .text.HAL_ADC_ConfigChannel
                0x0000000008000dc0      0x3ac Drivers/STM32L4xx_HAL_Driver/Src/stm32l4xx_hal_adc.o
                0x0000000008000dc0                HAL_ADC_ConfigChannel
 .text.ADC_ConversionStop
                0x000000000800116c       0xcc Drivers/STM32L4xx_HAL_Driver/Src/stm32l4xx_hal_adc.o
                0x000000000800116c                ADC_ConversionStop
 .text.ADC_Enable
                0x0000000008001238       0x70 Drivers/STM32L4xx_HAL_Driver/Src/stm32l4xx_hal_adc.o
                0x0000000008001238                ADC_Enable
 .text.HAL_ADC_Start
                0x00000000080012a8       0xe4 Drivers/STM32L4xx_HAL_Driver/Src/stm32l4xx_hal_adc.o
                0x00000000080012a8                HAL_ADC_Start
 .text.ADC_Disable
                0x000000000800138c       0x66 Drivers/STM32L4xx_HAL_Driver/Src/stm32l4xx_hal_adc.o
                0x000000000800138c                ADC_Disable
 .text.HAL_ADC_Stop
                0x00000000080013f2       0x3e Drivers/STM32L4xx_HAL_Driver/Src/stm32l4xx_hal_adc.o
                0x00000000080013f2                HAL_ADC_Stop
 .text.LL_ADC_IsEnabled
                0x0000000008001430        0x8 Drivers/STM32L4xx_HAL_Driver/Src/stm32l4xx_hal_adc_ex.o
 .text.LL_ADC_REG_IsConversionOngoing
                0x0000000008001438        0x8 Drivers/STM32L4xx_HAL_Driver/Src/stm32l4xx_hal_adc_ex.o
 .text.HAL_ADCEx_MultiModeConfigChannel
                0x0000000008001440       0xf0 Drivers/STM32L4xx_HAL_Driver/Src/stm32l4xx_hal_adc_ex.o
                0x0000000008001440                HAL_ADCEx_MultiModeConfigChannel
 .text.HAL_NVIC_SetPriorityGrouping
                0x0000000008001530       0x24 Drivers/STM32L4xx_HAL_Driver/Src/stm32l4xx_hal_cortex.o
                0x0000000008001530                HAL_NVIC_SetPriorityGrouping
 .text.HAL_NVIC_SetPriority
                0x0000000008001554       0x68 Drivers/STM32L4xx_HAL_Driver/Src/stm32l4xx_hal_cortex.o
                0x0000000008001554                HAL_NVIC_SetPriority
 .text.HAL_NVIC_EnableIRQ
                0x00000000080015bc       0x1c Drivers/STM32L4xx_HAL_Driver/Src/stm32l4xx_hal_cortex.o
                0x00000000080015bc                HAL_NVIC_EnableIRQ
 .text.HAL_SYSTICK_Config
                0x00000000080015d8       0x2c Drivers/STM32L4xx_HAL_Driver/Src/stm32l4xx_hal_cortex.o
                0x00000000080015d8                HAL_SYSTICK_Config
 .text.DFSDM_GetChannelFromInstance
                0x0000000008001604       0x58 Drivers/STM32L4xx_HAL_Driver/Src/stm32l4xx_hal_dfsdm.o
 .text.HAL_DFSDM_ChannelInit
                0x000000000800165c       0xe8 Drivers/STM32L4xx_HAL_Driver/Src/stm32l4xx_hal_dfsdm.o
                0x000000000800165c                HAL_DFSDM_ChannelInit
 .text.HAL_GPIO_Init
                0x0000000008001744      0x1b8 Drivers/STM32L4xx_HAL_Driver/Src/stm32l4xx_hal_gpio.o
                0x0000000008001744                HAL_GPIO_Init
 .text.HAL_GPIO_DeInit
                0x00000000080018fc      0x114 Drivers/STM32L4xx_HAL_Driver/Src/stm32l4xx_hal_gpio.o
                0x00000000080018fc                HAL_GPIO_DeInit
 .text.HAL_GPIO_WritePin
                0x0000000008001a10        0xa Drivers/STM32L4xx_HAL_Driver/Src/stm32l4xx_hal_gpio.o
                0x0000000008001a10                HAL_GPIO_WritePin
 .text.HAL_GPIO_EXTI_Callback
                0x0000000008001a1a        0x2 Drivers/STM32L4xx_HAL_Driver/Src/stm32l4xx_hal_gpio.o
                0x0000000008001a1a                HAL_GPIO_EXTI_Callback
 .text.HAL_GPIO_EXTI_IRQHandler
                0x0000000008001a1c       0x18 Drivers/STM32L4xx_HAL_Driver/Src/stm32l4xx_hal_gpio.o
                0x0000000008001a1c                HAL_GPIO_EXTI_IRQHandler
 .text.I2C_Flush_TXDR
                0x0000000008001a34       0x1c Drivers/STM32L4xx_HAL_Driver/Src/stm32l4xx_hal_i2c.o
 .text.I2C_TransferConfig
                0x0000000008001a50       0x34 Drivers/STM32L4xx_HAL_Driver/Src/stm32l4xx_hal_i2c.o
 .text.I2C_WaitOnFlagUntilTimeout
                0x0000000008001a84       0x56 Drivers/STM32L4xx_HAL_Driver/Src/stm32l4xx_hal_i2c.o
 .text.I2C_IsAcknowledgeFailed
                0x0000000008001ada       0x7a Drivers/STM32L4xx_HAL_Driver/Src/stm32l4xx_hal_i2c.o
 .text.I2C_WaitOnTXISFlagUntilTimeout
                0x0000000008001b54       0x4e Drivers/STM32L4xx_HAL_Driver/Src/stm32l4xx_hal_i2c.o
 *fill*         0x0000000008001ba2        0x2 
 .text.I2C_RequestMemoryWrite
                0x0000000008001ba4       0x64 Drivers/STM32L4xx_HAL_Driver/Src/stm32l4xx_hal_i2c.o
 .text.I2C_RequestMemoryRead
                0x0000000008001c08       0x64 Drivers/STM32L4xx_HAL_Driver/Src/stm32l4xx_hal_i2c.o
 .text.I2C_WaitOnSTOPFlagUntilTimeout
                0x0000000008001c6c       0x4a Drivers/STM32L4xx_HAL_Driver/Src/stm32l4xx_hal_i2c.o
 .text.HAL_I2C_Init
                0x0000000008001cb6       0xa2 Drivers/STM32L4xx_HAL_Driver/Src/stm32l4xx_hal_i2c.o
                0x0000000008001cb6                HAL_I2C_Init
 .text.HAL_I2C_DeInit
                0x0000000008001d58       0x32 Drivers/STM32L4xx_HAL_Driver/Src/stm32l4xx_hal_i2c.o
                0x0000000008001d58                HAL_I2C_DeInit
 .text.HAL_I2C_Mem_Write
                0x0000000008001d8a      0x16e Drivers/STM32L4xx_HAL_Driver/Src/stm32l4xx_hal_i2c.o
                0x0000000008001d8a                HAL_I2C_Mem_Write
 .text.HAL_I2C_Mem_Read
                0x0000000008001ef8      0x17c Drivers/STM32L4xx_HAL_Driver/Src/stm32l4xx_hal_i2c.o
                0x0000000008001ef8                HAL_I2C_Mem_Read
 .text.HAL_I2CEx_ConfigAnalogFilter
                0x0000000008002074       0x4c Drivers/STM32L4xx_HAL_Driver/Src/stm32l4xx_hal_i2c_ex.o
                0x0000000008002074                HAL_I2CEx_ConfigAnalogFilter
 .text.HAL_I2CEx_ConfigDigitalFilter
                0x00000000080020c0       0x4a Drivers/STM32L4xx_HAL_Driver/Src/stm32l4xx_hal_i2c_ex.o
                0x00000000080020c0                HAL_I2CEx_ConfigDigitalFilter
 .text.HAL_PCD_Init
                0x000000000800210a      0x11a Drivers/STM32L4xx_HAL_Driver/Src/stm32l4xx_hal_pcd.o
                0x000000000800210a                HAL_PCD_Init
 .text.HAL_PCDEx_ActivateLPM
                0x0000000008002224       0x26 Drivers/STM32L4xx_HAL_Driver/Src/stm32l4xx_hal_pcd_ex.o
                0x0000000008002224                HAL_PCDEx_ActivateLPM
 *fill*         0x000000000800224a        0x2 
 .text.HAL_PWR_EnableBkUpAccess
                0x000000000800224c       0x10 Drivers/STM32L4xx_HAL_Driver/Src/stm32l4xx_hal_pwr.o
                0x000000000800224c                HAL_PWR_EnableBkUpAccess
 .text.HAL_PWREx_GetVoltageRange
                0x000000000800225c       0x10 Drivers/STM32L4xx_HAL_Driver/Src/stm32l4xx_hal_pwr_ex.o
                0x000000000800225c                HAL_PWREx_GetVoltageRange
 .text.HAL_PWREx_ControlVoltageScaling
                0x000000000800226c       0x6c Drivers/STM32L4xx_HAL_Driver/Src/stm32l4xx_hal_pwr_ex.o
                0x000000000800226c                HAL_PWREx_ControlVoltageScaling
 .text.HAL_PWREx_EnableVddUSB
                0x00000000080022d8       0x10 Drivers/STM32L4xx_HAL_Driver/Src/stm32l4xx_hal_pwr_ex.o
                0x00000000080022d8                HAL_PWREx_EnableVddUSB
 .text.QSPI_WaitFlagStateUntilTimeout
                0x00000000080022e8       0x4c Drivers/STM32L4xx_HAL_Driver/Src/stm32l4xx_hal_qspi.o
 .text.HAL_QSPI_Init
                0x0000000008002334       0xb0 Drivers/STM32L4xx_HAL_Driver/Src/stm32l4xx_hal_qspi.o
                0x0000000008002334                HAL_QSPI_Init
 .text.RCC_SetFlashLatencyFromMSIRange
                0x00000000080023e4       0x84 Drivers/STM32L4xx_HAL_Driver/Src/stm32l4xx_hal_rcc.o
 .text.HAL_RCC_GetSysClockFreq
                0x0000000008002468       0x9c Drivers/STM32L4xx_HAL_Driver/Src/stm32l4xx_hal_rcc.o
                0x0000000008002468                HAL_RCC_GetSysClockFreq
 .text.HAL_RCC_OscConfig
                0x0000000008002504      0x4c4 Drivers/STM32L4xx_HAL_Driver/Src/stm32l4xx_hal_rcc.o
                0x0000000008002504                HAL_RCC_OscConfig
 .text.HAL_RCC_ClockConfig
                0x00000000080029c8      0x12c Drivers/STM32L4xx_HAL_Driver/Src/stm32l4xx_hal_rcc.o
                0x00000000080029c8                HAL_RCC_ClockConfig
 .text.HAL_RCC_GetPCLK1Freq
                0x0000000008002af4       0x24 Drivers/STM32L4xx_HAL_Driver/Src/stm32l4xx_hal_rcc.o
                0x0000000008002af4                HAL_RCC_GetPCLK1Freq
 .text.HAL_RCC_GetPCLK2Freq
                0x0000000008002b18       0x24 Drivers/STM32L4xx_HAL_Driver/Src/stm32l4xx_hal_rcc.o
                0x0000000008002b18                HAL_RCC_GetPCLK2Freq
 .text.RCCEx_PLLSAI1_Config
                0x0000000008002b3c      0x11c Drivers/STM32L4xx_HAL_Driver/Src/stm32l4xx_hal_rcc_ex.o
 .text.RCCEx_PLLSAI2_Config
                0x0000000008002c58       0xfc Drivers/STM32L4xx_HAL_Driver/Src/stm32l4xx_hal_rcc_ex.o
 .text.HAL_RCCEx_PeriphCLKConfig
                0x0000000008002d54      0x3d0 Drivers/STM32L4xx_HAL_Driver/Src/stm32l4xx_hal_rcc_ex.o
                0x0000000008002d54                HAL_RCCEx_PeriphCLKConfig
 .text.HAL_RCCEx_EnableMSIPLLMode
                0x0000000008003124       0x10 Drivers/STM32L4xx_HAL_Driver/Src/stm32l4xx_hal_rcc_ex.o
                0x0000000008003124                HAL_RCCEx_EnableMSIPLLMode
 .text.HAL_SPI_Init
                0x0000000008003134       0xa2 Drivers/STM32L4xx_HAL_Driver/Src/stm32l4xx_hal_spi.o
                0x0000000008003134                HAL_SPI_Init
 *fill*         0x00000000080031d6        0x2 
 .text.UART_SetConfig
                0x00000000080031d8      0x330 Drivers/STM32L4xx_HAL_Driver/Src/stm32l4xx_hal_uart.o
                0x00000000080031d8                UART_SetConfig
 .text.UART_AdvFeatureConfig
                0x0000000008003508       0xa8 Drivers/STM32L4xx_HAL_Driver/Src/stm32l4xx_hal_uart.o
                0x0000000008003508                UART_AdvFeatureConfig
 .text.UART_WaitOnFlagUntilTimeout
                0x00000000080035b0       0x5e Drivers/STM32L4xx_HAL_Driver/Src/stm32l4xx_hal_uart.o
                0x00000000080035b0                UART_WaitOnFlagUntilTimeout
 .text.HAL_UART_Transmit
                0x000000000800360e       0xae Drivers/STM32L4xx_HAL_Driver/Src/stm32l4xx_hal_uart.o
                0x000000000800360e                HAL_UART_Transmit
 .text.UART_CheckIdleState
                0x00000000080036bc       0x60 Drivers/STM32L4xx_HAL_Driver/Src/stm32l4xx_hal_uart.o
                0x00000000080036bc                UART_CheckIdleState
 .text.HAL_UART_Init
                0x000000000800371c       0x5c Drivers/STM32L4xx_HAL_Driver/Src/stm32l4xx_hal_uart.o
                0x000000000800371c                HAL_UART_Init
 .text.USB_CoreReset
                0x0000000008003778       0x30 Drivers/STM32L4xx_HAL_Driver/Src/stm32l4xx_ll_usb.o
 .text.USB_CoreInit
                0x00000000080037a8       0x6e Drivers/STM32L4xx_HAL_Driver/Src/stm32l4xx_ll_usb.o
                0x00000000080037a8                USB_CoreInit
 .text.USB_DisableGlobalInt
                0x0000000008003816        0xc Drivers/STM32L4xx_HAL_Driver/Src/stm32l4xx_ll_usb.o
                0x0000000008003816                USB_DisableGlobalInt
 .text.USB_SetCurrentMode
                0x0000000008003822       0x2e Drivers/STM32L4xx_HAL_Driver/Src/stm32l4xx_ll_usb.o
                0x0000000008003822                USB_SetCurrentMode
 .text.USB_FlushTxFifo
                0x0000000008003850       0x24 Drivers/STM32L4xx_HAL_Driver/Src/stm32l4xx_ll_usb.o
                0x0000000008003850                USB_FlushTxFifo
 .text.USB_FlushRxFifo
                0x0000000008003874       0x20 Drivers/STM32L4xx_HAL_Driver/Src/stm32l4xx_ll_usb.o
                0x0000000008003874                USB_FlushRxFifo
 .text.USB_SetDevSpeed
                0x0000000008003894        0xe Drivers/STM32L4xx_HAL_Driver/Src/stm32l4xx_ll_usb.o
                0x0000000008003894                USB_SetDevSpeed
 *fill*         0x00000000080038a2        0x2 
 .text.USB_DevInit
                0x00000000080038a4      0x150 Drivers/STM32L4xx_HAL_Driver/Src/stm32l4xx_ll_usb.o
                0x00000000080038a4                USB_DevInit
 .text.USB_DevDisconnect
                0x00000000080039f4       0x18 Drivers/STM32L4xx_HAL_Driver/Src/stm32l4xx_ll_usb.o
                0x00000000080039f4                USB_DevDisconnect
 .text.SystemClock_Config
                0x0000000008003a0c       0xc0 Src/main.o
                0x0000000008003a0c                SystemClock_Config
 .text.startup.main
                0x0000000008003acc      0x5c0 Src/main.o
                0x0000000008003acc                main
 .text.HAL_MspInit
                0x000000000800408c       0x30 Src/stm32l4xx_hal_msp.o
                0x000000000800408c                HAL_MspInit
 .text.HAL_ADC_MspInit
                0x00000000080040bc       0xb0 Src/stm32l4xx_hal_msp.o
                0x00000000080040bc                HAL_ADC_MspInit
 .text.HAL_DFSDM_ChannelMspInit
                0x000000000800416c       0x64 Src/stm32l4xx_hal_msp.o
                0x000000000800416c                HAL_DFSDM_ChannelMspInit
 .text.HAL_I2C_MspInit
                0x00000000080041d0       0x6c Src/stm32l4xx_hal_msp.o
                0x00000000080041d0                HAL_I2C_MspInit
 .text.HAL_I2C_MspDeInit
                0x000000000800423c       0x2c Src/stm32l4xx_hal_msp.o
                0x000000000800423c                HAL_I2C_MspDeInit
 .text.HAL_QSPI_MspInit
                0x0000000008004268       0x6c Src/stm32l4xx_hal_msp.o
                0x0000000008004268                HAL_QSPI_MspInit
 .text.HAL_SPI_MspInit
                0x00000000080042d4       0x68 Src/stm32l4xx_hal_msp.o
                0x00000000080042d4                HAL_SPI_MspInit
 .text.HAL_UART_MspInit
                0x000000000800433c       0x64 Src/stm32l4xx_hal_msp.o
                0x000000000800433c                HAL_UART_MspInit
 .text.HAL_PCD_MspInit
                0x00000000080043a0       0xa0 Src/stm32l4xx_hal_msp.o
                0x00000000080043a0                HAL_PCD_MspInit
 .text.NMI_Handler
                0x0000000008004440        0x2 Src/stm32l4xx_it.o
                0x0000000008004440                NMI_Handler
 .text.HardFault_Handler
                0x0000000008004442        0x2 Src/stm32l4xx_it.o
                0x0000000008004442                HardFault_Handler
 .text.MemManage_Handler
                0x0000000008004444        0x2 Src/stm32l4xx_it.o
                0x0000000008004444                MemManage_Handler
 .text.BusFault_Handler
                0x0000000008004446        0x2 Src/stm32l4xx_it.o
                0x0000000008004446                BusFault_Handler
 .text.UsageFault_Handler
                0x0000000008004448        0x2 Src/stm32l4xx_it.o
                0x0000000008004448                UsageFault_Handler
 .text.SVC_Handler
                0x000000000800444a        0x2 Src/stm32l4xx_it.o
                0x000000000800444a                SVC_Handler
 .text.DebugMon_Handler
                0x000000000800444c        0x2 Src/stm32l4xx_it.o
                0x000000000800444c                DebugMon_Handler
 .text.PendSV_Handler
                0x000000000800444e        0x2 Src/stm32l4xx_it.o
                0x000000000800444e                PendSV_Handler
 .text.SysTick_Handler
                0x0000000008004450        0x4 Src/stm32l4xx_it.o
                0x0000000008004450                SysTick_Handler
 .text.EXTI9_5_IRQHandler
                0x0000000008004454       0x20 Src/stm32l4xx_it.o
                0x0000000008004454                EXTI9_5_IRQHandler
 .text.EXTI15_10_IRQHandler
                0x0000000008004474       0x2e Src/stm32l4xx_it.o
                0x0000000008004474                EXTI15_10_IRQHandler
 *fill*         0x00000000080044a2        0x2 
 .text._sbrk    0x00000000080044a4       0x34 Src/syscalls.o
                0x00000000080044a4                _sbrk
 .text.SystemInit
                0x00000000080044d8       0x48 Src/system_stm32l4xx.o
                0x00000000080044d8                SystemInit
 .text.Reset_Handler
                0x0000000008004520       0x50 startup/startup_stm32l475xx.o
                0x0000000008004520                Reset_Handler
 .text.Default_Handler
                0x0000000008004570        0x2 startup/startup_stm32l475xx.o
                0x0000000008004570                RTC_Alarm_IRQHandler
                0x0000000008004570                EXTI2_IRQHandler
                0x0000000008004570                TIM8_TRG_COM_IRQHandler
                0x0000000008004570                TIM8_CC_IRQHandler
                0x0000000008004570                TIM1_CC_IRQHandler
                0x0000000008004570                TSC_IRQHandler
                0x0000000008004570                TAMP_STAMP_IRQHandler
                0x0000000008004570                EXTI3_IRQHandler
                0x0000000008004570                LPTIM2_IRQHandler
                0x0000000008004570                DFSDM1_FLT1_IRQHandler
                0x0000000008004570                I2C3_ER_IRQHandler
                0x0000000008004570                DFSDM1_FLT2_IRQHandler
                0x0000000008004570                EXTI0_IRQHandler
                0x0000000008004570                I2C2_EV_IRQHandler
                0x0000000008004570                CAN1_RX0_IRQHandler
                0x0000000008004570                FPU_IRQHandler
                0x0000000008004570                TIM1_UP_TIM16_IRQHandler
                0x0000000008004570                ADC1_2_IRQHandler
                0x0000000008004570                SPI1_IRQHandler
                0x0000000008004570                TIM6_DAC_IRQHandler
                0x0000000008004570                TIM8_UP_IRQHandler
                0x0000000008004570                DMA2_Channel2_IRQHandler
                0x0000000008004570                DMA1_Channel4_IRQHandler
                0x0000000008004570                SAI2_IRQHandler
                0x0000000008004570                DFSDM1_FLT3_IRQHandler
                0x0000000008004570                USART3_IRQHandler
                0x0000000008004570                DMA1_Channel7_IRQHandler
                0x0000000008004570                CAN1_RX1_IRQHandler
                0x0000000008004570                UART5_IRQHandler
                0x0000000008004570                ADC3_IRQHandler
                0x0000000008004570                TIM4_IRQHandler
                0x0000000008004570                DMA2_Channel1_IRQHandler
                0x0000000008004570                QUADSPI_IRQHandler
                0x0000000008004570                I2C1_EV_IRQHandler
                0x0000000008004570                DMA1_Channel6_IRQHandler
                0x0000000008004570                UART4_IRQHandler
                0x0000000008004570                DMA2_Channel4_IRQHandler
                0x0000000008004570                TIM3_IRQHandler
                0x0000000008004570                RCC_IRQHandler
                0x0000000008004570                DMA1_Channel1_IRQHandler
                0x0000000008004570                Default_Handler
                0x0000000008004570                DMA2_Channel7_IRQHandler
                0x0000000008004570                TIM7_IRQHandler
                0x0000000008004570                SDMMC1_IRQHandler
                0x0000000008004570                TIM5_IRQHandler
                0x0000000008004570                I2C3_EV_IRQHandler
                0x0000000008004570                RTC_WKUP_IRQHandler
                0x0000000008004570                PVD_PVM_IRQHandler
                0x0000000008004570                SPI2_IRQHandler
                0x0000000008004570                CAN1_TX_IRQHandler
                0x0000000008004570                DMA2_Channel5_IRQHandler
                0x0000000008004570                DMA1_Channel5_IRQHandler
                0x0000000008004570                EXTI4_IRQHandler
                0x0000000008004570                RNG_IRQHandler
                0x0000000008004570                TIM1_TRG_COM_TIM17_IRQHandler
                0x0000000008004570                DMA1_Channel3_IRQHandler
                0x0000000008004570                COMP_IRQHandler
                0x0000000008004570                WWDG_IRQHandler
                0x0000000008004570                LPUART1_IRQHandler
                0x0000000008004570                DMA2_Channel6_IRQHandler
                0x0000000008004570                TIM2_IRQHandler
                0x0000000008004570                EXTI1_IRQHandler
                0x0000000008004570                USART2_IRQHandler
                0x0000000008004570                DFSDM1_FLT0_IRQHandler
                0x0000000008004570                I2C2_ER_IRQHandler
                0x0000000008004570                DMA1_Channel2_IRQHandler
                0x0000000008004570                TIM8_BRK_IRQHandler
                0x0000000008004570                CAN1_SCE_IRQHandler
                0x0000000008004570                FLASH_IRQHandler
                0x0000000008004570                USART1_IRQHandler
                0x0000000008004570                OTG_FS_IRQHandler
                0x0000000008004570                SPI3_IRQHandler
                0x0000000008004570                I2C1_ER_IRQHandler
                0x0000000008004570                FMC_IRQHandler
                0x0000000008004570                SWPMI1_IRQHandler
                0x0000000008004570                LPTIM1_IRQHandler
                0x0000000008004570                SAI1_IRQHandler
                0x0000000008004570                DMA2_Channel3_IRQHandler
                0x0000000008004570                TIM1_BRK_TIM15_IRQHandler
 *fill*         0x0000000008004572        0x2 
 .text.__errno  0x0000000008004574        0xc /opt/Atollic_TrueSTUDIO_for_STM32_x86_64_9.3.0/ARMTools/bin/../lib/gcc/arm-atollic-eabi/6.3.1/../../../../arm-atollic-eabi/lib/armv7e-m/fpu/libc_nano.a(lib_a-errno.o)
                0x0000000008004574                __errno
 .text.__libc_init_array
                0x0000000008004580       0x48 /opt/Atollic_TrueSTUDIO_for_STM32_x86_64_9.3.0/ARMTools/bin/../lib/gcc/arm-atollic-eabi/6.3.1/../../../../arm-atollic-eabi/lib/armv7e-m/fpu/libc_nano.a(lib_a-init.o)
                0x0000000008004580                __libc_init_array
 .text.memset   0x00000000080045c8       0x10 /opt/Atollic_TrueSTUDIO_for_STM32_x86_64_9.3.0/ARMTools/bin/../lib/gcc/arm-atollic-eabi/6.3.1/../../../../arm-atollic-eabi/lib/armv7e-m/fpu/libc_nano.a(lib_a-memset.o)
                0x00000000080045c8                memset
 .text.snprintf
                0x00000000080045d8       0x68 /opt/Atollic_TrueSTUDIO_for_STM32_x86_64_9.3.0/ARMTools/bin/../lib/gcc/arm-atollic-eabi/6.3.1/../../../../arm-atollic-eabi/lib/armv7e-m/fpu/libc_nano.a(lib_a-snprintf.o)
                0x00000000080045d8                snprintf
                0x00000000080045d8                sniprintf
 .text.__ssputs_r
                0x0000000008004640       0xb6 /opt/Atollic_TrueSTUDIO_for_STM32_x86_64_9.3.0/ARMTools/bin/../lib/gcc/arm-atollic-eabi/6.3.1/../../../../arm-atollic-eabi/lib/armv7e-m/fpu/libc_nano.a(lib_a-nano-svfprintf.o)
                0x0000000008004640                __ssputs_r
 *fill*         0x00000000080046f6        0x2 
 .text._svfprintf_r
                0x00000000080046f8      0x1e8 /opt/Atollic_TrueSTUDIO_for_STM32_x86_64_9.3.0/ARMTools/bin/../lib/gcc/arm-atollic-eabi/6.3.1/../../../../arm-atollic-eabi/lib/armv7e-m/fpu/libc_nano.a(lib_a-nano-svfprintf.o)
                0x00000000080046f8                _svfprintf_r
                0x00000000080046f8                _svfiprintf_r
 .text._printf_common
                0x00000000080048e0       0xec /opt/Atollic_TrueSTUDIO_for_STM32_x86_64_9.3.0/ARMTools/bin/../lib/gcc/arm-atollic-eabi/6.3.1/../../../../arm-atollic-eabi/lib/armv7e-m/fpu/libc_nano.a(lib_a-nano-vfprintf_i.o)
                0x00000000080048e0                _printf_common
 .text._printf_i
                0x00000000080049cc      0x240 /opt/Atollic_TrueSTUDIO_for_STM32_x86_64_9.3.0/ARMTools/bin/../lib/gcc/arm-atollic-eabi/6.3.1/../../../../arm-atollic-eabi/lib/armv7e-m/fpu/libc_nano.a(lib_a-nano-vfprintf_i.o)
                0x00000000080049cc                _printf_i
 .text.memcpy   0x0000000008004c0c       0x16 /opt/Atollic_TrueSTUDIO_for_STM32_x86_64_9.3.0/ARMTools/bin/../lib/gcc/arm-atollic-eabi/6.3.1/../../../../arm-atollic-eabi/lib/armv7e-m/fpu/libc_nano.a(lib_a-memcpy-stub.o)
                0x0000000008004c0c                memcpy
 .text.memmove  0x0000000008004c22       0x34 /opt/Atollic_TrueSTUDIO_for_STM32_x86_64_9.3.0/ARMTools/bin/../lib/gcc/arm-atollic-eabi/6.3.1/../../../../arm-atollic-eabi/lib/armv7e-m/fpu/libc_nano.a(lib_a-memmove.o)
                0x0000000008004c22                memmove
 *fill*         0x0000000008004c56        0x2 
 .text._free_r  0x0000000008004c58       0x9c /opt/Atollic_TrueSTUDIO_for_STM32_x86_64_9.3.0/ARMTools/bin/../lib/gcc/arm-atollic-eabi/6.3.1/../../../../arm-atollic-eabi/lib/armv7e-m/fpu/libc_nano.a(lib_a-nano-freer.o)
                0x0000000008004c58                _free_r
 .text._malloc_r
                0x0000000008004cf4       0xbc /opt/Atollic_TrueSTUDIO_for_STM32_x86_64_9.3.0/ARMTools/bin/../lib/gcc/arm-atollic-eabi/6.3.1/../../../../arm-atollic-eabi/lib/armv7e-m/fpu/libc_nano.a(lib_a-nano-mallocr.o)
                0x0000000008004cf4                _malloc_r
 .text._realloc_r
                0x0000000008004db0       0x4c /opt/Atollic_TrueSTUDIO_for_STM32_x86_64_9.3.0/ARMTools/bin/../lib/gcc/arm-atollic-eabi/6.3.1/../../../../arm-atollic-eabi/lib/armv7e-m/fpu/libc_nano.a(lib_a-nano-reallocr.o)
                0x0000000008004db0                _realloc_r
 .text._sbrk_r  0x0000000008004dfc       0x20 /opt/Atollic_TrueSTUDIO_for_STM32_x86_64_9.3.0/ARMTools/bin/../lib/gcc/arm-atollic-eabi/6.3.1/../../../../arm-atollic-eabi/lib/armv7e-m/fpu/libc_nano.a(lib_a-sbrkr.o)
                0x0000000008004dfc                _sbrk_r
 .text.__malloc_lock
                0x0000000008004e1c        0x2 /opt/Atollic_TrueSTUDIO_for_STM32_x86_64_9.3.0/ARMTools/bin/../lib/gcc/arm-atollic-eabi/6.3.1/../../../../arm-atollic-eabi/lib/armv7e-m/fpu/libc_nano.a(lib_a-mlock.o)
                0x0000000008004e1c                __malloc_lock
 .text.__malloc_unlock
                0x0000000008004e1e        0x2 /opt/Atollic_TrueSTUDIO_for_STM32_x86_64_9.3.0/ARMTools/bin/../lib/gcc/arm-atollic-eabi/6.3.1/../../../../arm-atollic-eabi/lib/armv7e-m/fpu/libc_nano.a(lib_a-mlock.o)
                0x0000000008004e1e                __malloc_unlock
 .text._malloc_usable_size_r
                0x0000000008004e20       0x12 /opt/Atollic_TrueSTUDIO_for_STM32_x86_64_9.3.0/ARMTools/bin/../lib/gcc/arm-atollic-eabi/6.3.1/../../../../arm-atollic-eabi/lib/armv7e-m/fpu/libc_nano.a(lib_a-nano-msizer.o)
                0x0000000008004e20                _malloc_usable_size_r
 *(.glue_7)
 .glue_7        0x0000000008004e32        0x0 linker stubs
 *(.glue_7t)
 .glue_7t       0x0000000008004e32        0x0 linker stubs
 *(.eh_frame)
 *fill*         0x0000000008004e32        0x2 
 .eh_frame      0x0000000008004e34        0x0 /opt/Atollic_TrueSTUDIO_for_STM32_x86_64_9.3.0/ARMTools/bin/../lib/gcc/arm-atollic-eabi/6.3.1/armv7e-m/fpu/crtbegin.o
 *(.init)
 .init          0x0000000008004e34        0x4 /opt/Atollic_TrueSTUDIO_for_STM32_x86_64_9.3.0/ARMTools/bin/../lib/gcc/arm-atollic-eabi/6.3.1/armv7e-m/fpu/crti.o
                0x0000000008004e34                _init
 .init          0x0000000008004e38        0x8 /opt/Atollic_TrueSTUDIO_for_STM32_x86_64_9.3.0/ARMTools/bin/../lib/gcc/arm-atollic-eabi/6.3.1/armv7e-m/fpu/crtn.o
 *(.fini)
 .fini          0x0000000008004e40        0x4 /opt/Atollic_TrueSTUDIO_for_STM32_x86_64_9.3.0/ARMTools/bin/../lib/gcc/arm-atollic-eabi/6.3.1/armv7e-m/fpu/crti.o
                0x0000000008004e40                _fini
 .fini          0x0000000008004e44        0x8 /opt/Atollic_TrueSTUDIO_for_STM32_x86_64_9.3.0/ARMTools/bin/../lib/gcc/arm-atollic-eabi/6.3.1/armv7e-m/fpu/crtn.o
                0x0000000008004e4c                . = ALIGN (0x4)
                0x0000000008004e4c                _etext = .

.vfp11_veneer   0x0000000008004e4c        0x0
 .vfp11_veneer  0x0000000008004e4c        0x0 linker stubs

.v4_bx          0x0000000008004e4c        0x0
 .v4_bx         0x0000000008004e4c        0x0 linker stubs

.iplt           0x0000000008004e4c        0x0
 .iplt          0x0000000008004e4c        0x0 /opt/Atollic_TrueSTUDIO_for_STM32_x86_64_9.3.0/ARMTools/bin/../lib/gcc/arm-atollic-eabi/6.3.1/armv7e-m/fpu/crtbegin.o

.rodata         0x0000000008004e4c       0xe0
                0x0000000008004e4c                . = ALIGN (0x4)
 *(.rodata)
 *(.rodata*)
 .rodata.CSWTCH.49
                0x0000000008004e4c        0x4 Drivers/STM32L4xx_HAL_Driver/Src/stm32l4xx_hal_uart.o
 .rodata.CSWTCH.50
                0x0000000008004e50        0xd Drivers/STM32L4xx_HAL_Driver/Src/stm32l4xx_hal_uart.o
 .rodata.main.str1.1
                0x0000000008004e5d       0x50 Src/main.o
 .rodata.AHBPrescTable
                0x0000000008004ead       0x10 Src/system_stm32l4xx.o
                0x0000000008004ead                AHBPrescTable
 .rodata.APBPrescTable
                0x0000000008004ebd        0x8 Src/system_stm32l4xx.o
                0x0000000008004ebd                APBPrescTable
 *fill*         0x0000000008004ec5        0x3 
 .rodata.MSIRangeTable
                0x0000000008004ec8       0x30 Src/system_stm32l4xx.o
                0x0000000008004ec8                MSIRangeTable
 .rodata._svfprintf_r.str1.1
                0x0000000008004ef8       0x11 /opt/Atollic_TrueSTUDIO_for_STM32_x86_64_9.3.0/ARMTools/bin/../lib/gcc/arm-atollic-eabi/6.3.1/../../../../arm-atollic-eabi/lib/armv7e-m/fpu/libc_nano.a(lib_a-nano-svfprintf.o)
 .rodata._printf_i.str1.1
                0x0000000008004f09       0x22 /opt/Atollic_TrueSTUDIO_for_STM32_x86_64_9.3.0/ARMTools/bin/../lib/gcc/arm-atollic-eabi/6.3.1/../../../../arm-atollic-eabi/lib/armv7e-m/fpu/libc_nano.a(lib_a-nano-vfprintf_i.o)
                0x0000000008004f2c                . = ALIGN (0x4)
 *fill*         0x0000000008004f2b        0x1 

.ARM.extab
 *(.ARM.extab* .gnu.linkonce.armextab.*)

.ARM            0x0000000008004f2c        0x8
                0x0000000008004f2c                __exidx_start = .
 *(.ARM.exidx*)
 .ARM.exidx     0x0000000008004f2c        0x8 /opt/Atollic_TrueSTUDIO_for_STM32_x86_64_9.3.0/ARMTools/bin/../lib/gcc/arm-atollic-eabi/6.3.1/armv7e-m/fpu/libgcc.a(_udivmoddi4.o)
                0x0000000008004f34                __exidx_end = .

.rel.dyn        0x0000000008004f34        0x0
 .rel.iplt      0x0000000008004f34        0x0 /opt/Atollic_TrueSTUDIO_for_STM32_x86_64_9.3.0/ARMTools/bin/../lib/gcc/arm-atollic-eabi/6.3.1/armv7e-m/fpu/crtbegin.o

.preinit_array  0x0000000008004f34        0x0
                0x0000000008004f34                PROVIDE (__preinit_array_start, .)
 *(.preinit_array*)
                0x0000000008004f34                PROVIDE (__preinit_array_end, .)

.init_array     0x0000000008004f34        0x4
                0x0000000008004f34                PROVIDE (__init_array_start, .)
 *(SORT(.init_array.*))
 *(.init_array*)
 .init_array    0x0000000008004f34        0x4 /opt/Atollic_TrueSTUDIO_for_STM32_x86_64_9.3.0/ARMTools/bin/../lib/gcc/arm-atollic-eabi/6.3.1/armv7e-m/fpu/crtbegin.o
                0x0000000008004f38                PROVIDE (__init_array_end, .)

.fini_array     0x0000000008004f38        0x4
                [!provide]                        PROVIDE (__fini_array_start, .)
 *(SORT(.fini_array.*))
 *(.fini_array*)
 .fini_array    0x0000000008004f38        0x4 /opt/Atollic_TrueSTUDIO_for_STM32_x86_64_9.3.0/ARMTools/bin/../lib/gcc/arm-atollic-eabi/6.3.1/armv7e-m/fpu/crtbegin.o
                [!provide]                        PROVIDE (__fini_array_end, .)
                0x0000000008004f3c                _sidata = LOADADDR (.data)

.data           0x0000000020000000      0x14c load address 0x0000000008004f3c
                0x0000000020000000                . = ALIGN (0x4)
                0x0000000020000000                _sdata = .
 *(.data)
 *(.data*)
 .data.HTS221_H_Drv
                0x0000000020000000        0xc Drivers/BSP/Components/hts221/hts221.o
                0x0000000020000000                HTS221_H_Drv
 .data.HTS221_T_Drv
                0x000000002000000c       0x10 Drivers/BSP/Components/hts221/hts221.o
                0x000000002000000c                HTS221_T_Drv
 .data.LPS22HB_P_Drv
                0x000000002000001c        0xc Drivers/BSP/Components/lps22hb/lps22hb.o
                0x000000002000001c                LPS22HB_P_Drv
 .data.uwTickFreq
                0x0000000020000028        0x4 Drivers/STM32L4xx_HAL_Driver/Src/stm32l4xx_hal.o
                0x0000000020000028                uwTickFreq
 .data.uwTickPrio
                0x000000002000002c        0x4 Drivers/STM32L4xx_HAL_Driver/Src/stm32l4xx_hal.o
                0x000000002000002c                uwTickPrio
 .data.msg1     0x0000000020000030       0x42 Src/main.o
                0x0000000020000030                msg1
 .data.msg2     0x0000000020000072       0x41 Src/main.o
                0x0000000020000072                msg2
 .data.msg3     0x00000000200000b3       0x31 Src/main.o
                0x00000000200000b3                msg3
 .data.SystemCoreClock
                0x00000000200000e4        0x4 Src/system_stm32l4xx.o
                0x00000000200000e4                SystemCoreClock
 .data._impure_ptr
                0x00000000200000e8        0x4 /opt/Atollic_TrueSTUDIO_for_STM32_x86_64_9.3.0/ARMTools/bin/../lib/gcc/arm-atollic-eabi/6.3.1/../../../../arm-atollic-eabi/lib/armv7e-m/fpu/libc_nano.a(lib_a-impure.o)
                0x00000000200000e8                _impure_ptr
 .data.impure_data
                0x00000000200000ec       0x60 /opt/Atollic_TrueSTUDIO_for_STM32_x86_64_9.3.0/ARMTools/bin/../lib/gcc/arm-atollic-eabi/6.3.1/../../../../arm-atollic-eabi/lib/armv7e-m/fpu/libc_nano.a(lib_a-impure.o)
                0x000000002000014c                . = ALIGN (0x4)
                0x000000002000014c                _edata = .

.igot.plt       0x000000002000014c        0x0 load address 0x0000000008005088
 .igot.plt      0x000000002000014c        0x0 /opt/Atollic_TrueSTUDIO_for_STM32_x86_64_9.3.0/ARMTools/bin/../lib/gcc/arm-atollic-eabi/6.3.1/armv7e-m/fpu/crtbegin.o
                0x000000002000014c                . = ALIGN (0x4)

.bss            0x000000002000014c      0x8e8 load address 0x0000000008005088
                0x000000002000014c                _sbss = .
                0x000000002000014c                __bss_start__ = _sbss
 *(.bss)
 .bss           0x000000002000014c       0x1c /opt/Atollic_TrueSTUDIO_for_STM32_x86_64_9.3.0/ARMTools/bin/../lib/gcc/arm-atollic-eabi/6.3.1/armv7e-m/fpu/crtbegin.o
 *(.bss*)
 .bss.Hsensor_drv
                0x0000000020000168        0x4 Drivers/BSP/B-L475E-IOT01/stm32l475e_iot01_hsensor.o
 .bss.Psensor_drv
                0x000000002000016c        0x4 Drivers/BSP/B-L475E-IOT01/stm32l475e_iot01_psensor.o
 .bss.tsensor_drv
                0x0000000020000170        0x4 Drivers/BSP/B-L475E-IOT01/stm32l475e_iot01_tsensor.o
 .bss.a_dfsdm1ChannelHandle
                0x0000000020000174       0x20 Drivers/STM32L4xx_HAL_Driver/Src/stm32l4xx_hal_dfsdm.o
 .bss.v_dfsdm1ChannelCounter
                0x0000000020000194        0x4 Drivers/STM32L4xx_HAL_Driver/Src/stm32l4xx_hal_dfsdm.o
 .bss.analog    0x0000000020000198        0x4 Src/main.o
                0x0000000020000198                analog
 .bss.hmd_value
                0x000000002000019c        0x4 Src/main.o
                0x000000002000019c                hmd_value
 .bss.pre_value
                0x00000000200001a0        0x4 Src/main.o
                0x00000000200001a0                pre_value
 .bss.str_analog
                0x00000000200001a4       0x64 Src/main.o
                0x00000000200001a4                str_analog
 .bss.str_hmd   0x0000000020000208       0x64 Src/main.o
                0x0000000020000208                str_hmd
 .bss.str_pre   0x000000002000026c       0x64 Src/main.o
                0x000000002000026c                str_pre
 .bss.str_tmp   0x00000000200002d0       0x64 Src/main.o
                0x00000000200002d0                str_tmp
 .bss.temp_value
                0x0000000020000334        0x4 Src/main.o
                0x0000000020000334                temp_value
 .bss.DFSDM1_Init
                0x0000000020000338        0x4 Src/stm32l4xx_hal_msp.o
 .bss.heap_end.7010
                0x000000002000033c        0x4 Src/syscalls.o
 .bss.__malloc_free_list
                0x0000000020000340        0x4 /opt/Atollic_TrueSTUDIO_for_STM32_x86_64_9.3.0/ARMTools/bin/../lib/gcc/arm-atollic-eabi/6.3.1/../../../../arm-atollic-eabi/lib/armv7e-m/fpu/libc_nano.a(lib_a-nano-mallocr.o)
                0x0000000020000340                __malloc_free_list
 .bss.__malloc_sbrk_start
                0x0000000020000344        0x4 /opt/Atollic_TrueSTUDIO_for_STM32_x86_64_9.3.0/ARMTools/bin/../lib/gcc/arm-atollic-eabi/6.3.1/../../../../arm-atollic-eabi/lib/armv7e-m/fpu/libc_nano.a(lib_a-nano-mallocr.o)
                0x0000000020000344                __malloc_sbrk_start
 *(COMMON)
 COMMON         0x0000000020000348       0xcc Drivers/BSP/B-L475E-IOT01/stm32l475e_iot01.o
                0x0000000020000348                hDiscoUart
                0x00000000200003c8                hI2cHandler
 COMMON         0x0000000020000414        0x4 Drivers/STM32L4xx_HAL_Driver/Src/stm32l4xx_hal.o
                0x0000000020000414                uwTick
 COMMON         0x0000000020000418      0x618 Src/main.o
                0x0000000020000418                hdfsdm1_channel1
                0x0000000020000450                hpcd_USB_OTG_FS
                0x0000000020000858                hi2c2
                0x00000000200008a4                hspi3
                0x0000000020000908                hadc1
                0x000000002000096c                huart1
                0x00000000200009ec                hqspi
 COMMON         0x0000000020000a30        0x4 /opt/Atollic_TrueSTUDIO_for_STM32_x86_64_9.3.0/ARMTools/bin/../lib/gcc/arm-atollic-eabi/6.3.1/../../../../arm-atollic-eabi/lib/armv7e-m/fpu/libc_nano.a(lib_a-reent.o)
                0x0000000020000a30                errno
                0x0000000020000a34                . = ALIGN (0x4)
                0x0000000020000a34                _ebss = .
                0x0000000020000a34                __bss_end__ = _ebss

._user_heap_stack
                0x0000000020000a34      0x600 load address 0x0000000008005088
                0x0000000020000a34                . = ALIGN (0x4)
                0x0000000020000a34                PROVIDE (end, .)
                [!provide]                        PROVIDE (_end, .)
                0x0000000020000c34                . = (. + _Min_Heap_Size)
 *fill*         0x0000000020000a34      0x200 
                0x0000000020001034                . = (. + _Min_Stack_Size)
 *fill*         0x0000000020000c34      0x400 
                0x0000000020001034                . = ALIGN (0x4)

/DISCARD/
 libc.a(*)
 libm.a(*)
 libgcc.a(*)

.ARM.attributes
                0x0000000000000000       0x30
 *(.ARM.attributes)
 .ARM.attributes
                0x0000000000000000       0x22 /opt/Atollic_TrueSTUDIO_for_STM32_x86_64_9.3.0/ARMTools/bin/../lib/gcc/arm-atollic-eabi/6.3.1/armv7e-m/fpu/crti.o
 .ARM.attributes
                0x0000000000000022       0x34 /opt/Atollic_TrueSTUDIO_for_STM32_x86_64_9.3.0/ARMTools/bin/../lib/gcc/arm-atollic-eabi/6.3.1/armv7e-m/fpu/crtbegin.o
 .ARM.attributes
                0x0000000000000056       0x39 Drivers/BSP/B-L475E-IOT01/stm32l475e_iot01.o
 .ARM.attributes
                0x000000000000008f       0x39 Drivers/BSP/B-L475E-IOT01/stm32l475e_iot01_hsensor.o
 .ARM.attributes
                0x00000000000000c8       0x39 Drivers/BSP/B-L475E-IOT01/stm32l475e_iot01_psensor.o
 .ARM.attributes
                0x0000000000000101       0x39 Drivers/BSP/B-L475E-IOT01/stm32l475e_iot01_tsensor.o
 .ARM.attributes
                0x000000000000013a       0x39 Drivers/BSP/Components/hts221/hts221.o
 .ARM.attributes
                0x0000000000000173       0x39 Drivers/BSP/Components/lps22hb/lps22hb.o
 .ARM.attributes
                0x00000000000001ac       0x39 Drivers/STM32L4xx_HAL_Driver/Src/stm32l4xx_hal.o
 .ARM.attributes
                0x00000000000001e5       0x39 Drivers/STM32L4xx_HAL_Driver/Src/stm32l4xx_hal_adc.o
 .ARM.attributes
                0x000000000000021e       0x39 Drivers/STM32L4xx_HAL_Driver/Src/stm32l4xx_hal_adc_ex.o
 .ARM.attributes
                0x0000000000000257       0x39 Drivers/STM32L4xx_HAL_Driver/Src/stm32l4xx_hal_cortex.o
 .ARM.attributes
                0x0000000000000290       0x39 Drivers/STM32L4xx_HAL_Driver/Src/stm32l4xx_hal_dfsdm.o
 .ARM.attributes
                0x00000000000002c9       0x39 Drivers/STM32L4xx_HAL_Driver/Src/stm32l4xx_hal_gpio.o
 .ARM.attributes
                0x0000000000000302       0x39 Drivers/STM32L4xx_HAL_Driver/Src/stm32l4xx_hal_i2c.o
 .ARM.attributes
                0x000000000000033b       0x39 Drivers/STM32L4xx_HAL_Driver/Src/stm32l4xx_hal_i2c_ex.o
 .ARM.attributes
                0x0000000000000374       0x39 Drivers/STM32L4xx_HAL_Driver/Src/stm32l4xx_hal_pcd.o
 .ARM.attributes
                0x00000000000003ad       0x39 Drivers/STM32L4xx_HAL_Driver/Src/stm32l4xx_hal_pcd_ex.o
 .ARM.attributes
                0x00000000000003e6       0x39 Drivers/STM32L4xx_HAL_Driver/Src/stm32l4xx_hal_pwr.o
 .ARM.attributes
                0x000000000000041f       0x39 Drivers/STM32L4xx_HAL_Driver/Src/stm32l4xx_hal_pwr_ex.o
 .ARM.attributes
                0x0000000000000458       0x39 Drivers/STM32L4xx_HAL_Driver/Src/stm32l4xx_hal_qspi.o
 .ARM.attributes
                0x0000000000000491       0x39 Drivers/STM32L4xx_HAL_Driver/Src/stm32l4xx_hal_rcc.o
 .ARM.attributes
                0x00000000000004ca       0x39 Drivers/STM32L4xx_HAL_Driver/Src/stm32l4xx_hal_rcc_ex.o
 .ARM.attributes
                0x0000000000000503       0x39 Drivers/STM32L4xx_HAL_Driver/Src/stm32l4xx_hal_spi.o
 .ARM.attributes
                0x000000000000053c       0x39 Drivers/STM32L4xx_HAL_Driver/Src/stm32l4xx_hal_uart.o
 .ARM.attributes
                0x0000000000000575       0x39 Drivers/STM32L4xx_HAL_Driver/Src/stm32l4xx_ll_usb.o
 .ARM.attributes
                0x00000000000005ae       0x39 Src/main.o
 .ARM.attributes
                0x00000000000005e7       0x39 Src/stm32l4xx_hal_msp.o
 .ARM.attributes
                0x0000000000000620       0x39 Src/stm32l4xx_it.o
 .ARM.attributes
                0x0000000000000659       0x39 Src/syscalls.o
 .ARM.attributes
                0x0000000000000692       0x39 Src/system_stm32l4xx.o
 .ARM.attributes
                0x00000000000006cb       0x21 startup/startup_stm32l475xx.o
 .ARM.attributes
                0x00000000000006ec       0x34 /opt/Atollic_TrueSTUDIO_for_STM32_x86_64_9.3.0/ARMTools/bin/../lib/gcc/arm-atollic-eabi/6.3.1/../../../../arm-atollic-eabi/lib/armv7e-m/fpu/libc_nano.a(lib_a-errno.o)
 .ARM.attributes
                0x0000000000000720       0x34 /opt/Atollic_TrueSTUDIO_for_STM32_x86_64_9.3.0/ARMTools/bin/../lib/gcc/arm-atollic-eabi/6.3.1/../../../../arm-atollic-eabi/lib/armv7e-m/fpu/libc_nano.a(lib_a-impure.o)
 .ARM.attributes
                0x0000000000000754       0x34 /opt/Atollic_TrueSTUDIO_for_STM32_x86_64_9.3.0/ARMTools/bin/../lib/gcc/arm-atollic-eabi/6.3.1/../../../../arm-atollic-eabi/lib/armv7e-m/fpu/libc_nano.a(lib_a-init.o)
 .ARM.attributes
                0x0000000000000788       0x34 /opt/Atollic_TrueSTUDIO_for_STM32_x86_64_9.3.0/ARMTools/bin/../lib/gcc/arm-atollic-eabi/6.3.1/../../../../arm-atollic-eabi/lib/armv7e-m/fpu/libc_nano.a(lib_a-memset.o)
 .ARM.attributes
                0x00000000000007bc       0x34 /opt/Atollic_TrueSTUDIO_for_STM32_x86_64_9.3.0/ARMTools/bin/../lib/gcc/arm-atollic-eabi/6.3.1/../../../../arm-atollic-eabi/lib/armv7e-m/fpu/libc_nano.a(lib_a-snprintf.o)
 .ARM.attributes
                0x00000000000007f0       0x34 /opt/Atollic_TrueSTUDIO_for_STM32_x86_64_9.3.0/ARMTools/bin/../lib/gcc/arm-atollic-eabi/6.3.1/../../../../arm-atollic-eabi/lib/armv7e-m/fpu/libc_nano.a(lib_a-nano-svfprintf.o)
 .ARM.attributes
                0x0000000000000824       0x34 /opt/Atollic_TrueSTUDIO_for_STM32_x86_64_9.3.0/ARMTools/bin/../lib/gcc/arm-atollic-eabi/6.3.1/../../../../arm-atollic-eabi/lib/armv7e-m/fpu/libc_nano.a(lib_a-nano-vfprintf_i.o)
 .ARM.attributes
                0x0000000000000858       0x20 /opt/Atollic_TrueSTUDIO_for_STM32_x86_64_9.3.0/ARMTools/bin/../lib/gcc/arm-atollic-eabi/6.3.1/../../../../arm-atollic-eabi/lib/armv7e-m/fpu/libc_nano.a(lib_a-memchr.o)
 .ARM.attributes
                0x0000000000000878       0x34 /opt/Atollic_TrueSTUDIO_for_STM32_x86_64_9.3.0/ARMTools/bin/../lib/gcc/arm-atollic-eabi/6.3.1/../../../../arm-atollic-eabi/lib/armv7e-m/fpu/libc_nano.a(lib_a-memcpy-stub.o)
 .ARM.attributes
                0x00000000000008ac       0x34 /opt/Atollic_TrueSTUDIO_for_STM32_x86_64_9.3.0/ARMTools/bin/../lib/gcc/arm-atollic-eabi/6.3.1/../../../../arm-atollic-eabi/lib/armv7e-m/fpu/libc_nano.a(lib_a-memmove.o)
 .ARM.attributes
                0x00000000000008e0       0x34 /opt/Atollic_TrueSTUDIO_for_STM32_x86_64_9.3.0/ARMTools/bin/../lib/gcc/arm-atollic-eabi/6.3.1/../../../../arm-atollic-eabi/lib/armv7e-m/fpu/libc_nano.a(lib_a-nano-freer.o)
 .ARM.attributes
                0x0000000000000914       0x34 /opt/Atollic_TrueSTUDIO_for_STM32_x86_64_9.3.0/ARMTools/bin/../lib/gcc/arm-atollic-eabi/6.3.1/../../../../arm-atollic-eabi/lib/armv7e-m/fpu/libc_nano.a(lib_a-nano-mallocr.o)
 .ARM.attributes
                0x0000000000000948       0x34 /opt/Atollic_TrueSTUDIO_for_STM32_x86_64_9.3.0/ARMTools/bin/../lib/gcc/arm-atollic-eabi/6.3.1/../../../../arm-atollic-eabi/lib/armv7e-m/fpu/libc_nano.a(lib_a-nano-reallocr.o)
 .ARM.attributes
                0x000000000000097c       0x34 /opt/Atollic_TrueSTUDIO_for_STM32_x86_64_9.3.0/ARMTools/bin/../lib/gcc/arm-atollic-eabi/6.3.1/../../../../arm-atollic-eabi/lib/armv7e-m/fpu/libc_nano.a(lib_a-sbrkr.o)
 .ARM.attributes
                0x00000000000009b0       0x34 /opt/Atollic_TrueSTUDIO_for_STM32_x86_64_9.3.0/ARMTools/bin/../lib/gcc/arm-atollic-eabi/6.3.1/../../../../arm-atollic-eabi/lib/armv7e-m/fpu/libc_nano.a(lib_a-mlock.o)
 .ARM.attributes
                0x00000000000009e4       0x34 /opt/Atollic_TrueSTUDIO_for_STM32_x86_64_9.3.0/ARMTools/bin/../lib/gcc/arm-atollic-eabi/6.3.1/../../../../arm-atollic-eabi/lib/armv7e-m/fpu/libc_nano.a(lib_a-nano-msizer.o)
 .ARM.attributes
                0x0000000000000a18       0x34 /opt/Atollic_TrueSTUDIO_for_STM32_x86_64_9.3.0/ARMTools/bin/../lib/gcc/arm-atollic-eabi/6.3.1/../../../../arm-atollic-eabi/lib/armv7e-m/fpu/libc_nano.a(lib_a-reent.o)
 .ARM.attributes
                0x0000000000000a4c       0x22 /opt/Atollic_TrueSTUDIO_for_STM32_x86_64_9.3.0/ARMTools/bin/../lib/gcc/arm-atollic-eabi/6.3.1/armv7e-m/fpu/libgcc.a(_aeabi_uldivmod.o)
 .ARM.attributes
                0x0000000000000a6e       0x34 /opt/Atollic_TrueSTUDIO_for_STM32_x86_64_9.3.0/ARMTools/bin/../lib/gcc/arm-atollic-eabi/6.3.1/armv7e-m/fpu/libgcc.a(_udivmoddi4.o)
 .ARM.attributes
                0x0000000000000aa2       0x22 /opt/Atollic_TrueSTUDIO_for_STM32_x86_64_9.3.0/ARMTools/bin/../lib/gcc/arm-atollic-eabi/6.3.1/armv7e-m/fpu/libgcc.a(_dvmd_tls.o)
 .ARM.attributes
                0x0000000000000ac4       0x22 /opt/Atollic_TrueSTUDIO_for_STM32_x86_64_9.3.0/ARMTools/bin/../lib/gcc/arm-atollic-eabi/6.3.1/armv7e-m/fpu/crtn.o
OUTPUT(MQ135.elf elf32-littlearm)

.debug_info     0x0000000000000000    0x258fe
 .debug_info    0x0000000000000000     0x22af Drivers/BSP/B-L475E-IOT01/stm32l475e_iot01.o
 .debug_info    0x00000000000022af      0x4d0 Drivers/BSP/B-L475E-IOT01/stm32l475e_iot01_hsensor.o
 .debug_info    0x000000000000277f      0x4d0 Drivers/BSP/B-L475E-IOT01/stm32l475e_iot01_psensor.o
 .debug_info    0x0000000000002c4f      0x4b8 Drivers/BSP/B-L475E-IOT01/stm32l475e_iot01_tsensor.o
 .debug_info    0x0000000000003107      0x659 Drivers/BSP/Components/hts221/hts221.o
 .debug_info    0x0000000000003760      0x511 Drivers/BSP/Components/lps22hb/lps22hb.o
 .debug_info    0x0000000000003c71      0xcd2 Drivers/STM32L4xx_HAL_Driver/Src/stm32l4xx_hal.o
 .debug_info    0x0000000000004943     0x27f8 Drivers/STM32L4xx_HAL_Driver/Src/stm32l4xx_hal_adc.o
 .debug_info    0x000000000000713b     0x2234 Drivers/STM32L4xx_HAL_Driver/Src/stm32l4xx_hal_adc_ex.o
 .debug_info    0x000000000000936f     0x1096 Drivers/STM32L4xx_HAL_Driver/Src/stm32l4xx_hal_cortex.o
 .debug_info    0x000000000000a405     0x1ef3 Drivers/STM32L4xx_HAL_Driver/Src/stm32l4xx_hal_dfsdm.o
 .debug_info    0x000000000000c2f8      0x98c Drivers/STM32L4xx_HAL_Driver/Src/stm32l4xx_hal_gpio.o
 .debug_info    0x000000000000cc84     0x3910 Drivers/STM32L4xx_HAL_Driver/Src/stm32l4xx_hal_i2c.o
 .debug_info    0x0000000000010594      0xb3e Drivers/STM32L4xx_HAL_Driver/Src/stm32l4xx_hal_i2c_ex.o
 .debug_info    0x00000000000110d2     0x18bf Drivers/STM32L4xx_HAL_Driver/Src/stm32l4xx_hal_pcd.o
 .debug_info    0x0000000000012991      0xabf Drivers/STM32L4xx_HAL_Driver/Src/stm32l4xx_hal_pcd_ex.o
 .debug_info    0x0000000000013450      0xab9 Drivers/STM32L4xx_HAL_Driver/Src/stm32l4xx_hal_pwr.o
 .debug_info    0x0000000000013f09      0xb0e Drivers/STM32L4xx_HAL_Driver/Src/stm32l4xx_hal_pwr_ex.o
 .debug_info    0x0000000000014a17     0x17dc Drivers/STM32L4xx_HAL_Driver/Src/stm32l4xx_hal_qspi.o
 .debug_info    0x00000000000161f3      0xf0c Drivers/STM32L4xx_HAL_Driver/Src/stm32l4xx_hal_rcc.o
 .debug_info    0x00000000000170ff     0x11a3 Drivers/STM32L4xx_HAL_Driver/Src/stm32l4xx_hal_rcc_ex.o
 .debug_info    0x00000000000182a2     0x21a4 Drivers/STM32L4xx_HAL_Driver/Src/stm32l4xx_hal_spi.o
 .debug_info    0x000000000001a446     0x1dab Drivers/STM32L4xx_HAL_Driver/Src/stm32l4xx_hal_uart.o
 .debug_info    0x000000000001c1f1     0x1cb4 Drivers/STM32L4xx_HAL_Driver/Src/stm32l4xx_ll_usb.o
 .debug_info    0x000000000001dea5     0x3adb Src/main.o
 .debug_info    0x0000000000021980     0x241c Src/stm32l4xx_hal_msp.o
 .debug_info    0x0000000000023d9c      0x41a Src/stm32l4xx_it.o
 .debug_info    0x00000000000241b6      0xfe1 Src/syscalls.o
 .debug_info    0x0000000000025197      0x6fb Src/system_stm32l4xx.o
 .debug_info    0x0000000000025892       0x6c startup/startup_stm32l475xx.o

.debug_abbrev   0x0000000000000000     0x4625
 .debug_abbrev  0x0000000000000000      0x3c3 Drivers/BSP/B-L475E-IOT01/stm32l475e_iot01.o
 .debug_abbrev  0x00000000000003c3      0x151 Drivers/BSP/B-L475E-IOT01/stm32l475e_iot01_hsensor.o
 .debug_abbrev  0x0000000000000514      0x151 Drivers/BSP/B-L475E-IOT01/stm32l475e_iot01_psensor.o
 .debug_abbrev  0x0000000000000665      0x148 Drivers/BSP/B-L475E-IOT01/stm32l475e_iot01_tsensor.o
 .debug_abbrev  0x00000000000007ad      0x176 Drivers/BSP/Components/hts221/hts221.o
 .debug_abbrev  0x0000000000000923      0x1a9 Drivers/BSP/Components/lps22hb/lps22hb.o
 .debug_abbrev  0x0000000000000acc      0x28a Drivers/STM32L4xx_HAL_Driver/Src/stm32l4xx_hal.o
 .debug_abbrev  0x0000000000000d56      0x32e Drivers/STM32L4xx_HAL_Driver/Src/stm32l4xx_hal_adc.o
 .debug_abbrev  0x0000000000001084      0x33e Drivers/STM32L4xx_HAL_Driver/Src/stm32l4xx_hal_adc_ex.o
 .debug_abbrev  0x00000000000013c2      0x314 Drivers/STM32L4xx_HAL_Driver/Src/stm32l4xx_hal_cortex.o
 .debug_abbrev  0x00000000000016d6      0x2d0 Drivers/STM32L4xx_HAL_Driver/Src/stm32l4xx_hal_dfsdm.o
 .debug_abbrev  0x00000000000019a6      0x1d7 Drivers/STM32L4xx_HAL_Driver/Src/stm32l4xx_hal_gpio.o
 .debug_abbrev  0x0000000000001b7d      0x351 Drivers/STM32L4xx_HAL_Driver/Src/stm32l4xx_hal_i2c.o
 .debug_abbrev  0x0000000000001ece      0x1b2 Drivers/STM32L4xx_HAL_Driver/Src/stm32l4xx_hal_i2c_ex.o
 .debug_abbrev  0x0000000000002080      0x350 Drivers/STM32L4xx_HAL_Driver/Src/stm32l4xx_hal_pcd.o
 .debug_abbrev  0x00000000000023d0      0x283 Drivers/STM32L4xx_HAL_Driver/Src/stm32l4xx_hal_pcd_ex.o
 .debug_abbrev  0x0000000000002653      0x196 Drivers/STM32L4xx_HAL_Driver/Src/stm32l4xx_hal_pwr.o
 .debug_abbrev  0x00000000000027e9      0x209 Drivers/STM32L4xx_HAL_Driver/Src/stm32l4xx_hal_pwr_ex.o
 .debug_abbrev  0x00000000000029f2      0x2d0 Drivers/STM32L4xx_HAL_Driver/Src/stm32l4xx_hal_qspi.o
 .debug_abbrev  0x0000000000002cc2      0x258 Drivers/STM32L4xx_HAL_Driver/Src/stm32l4xx_hal_rcc.o
 .debug_abbrev  0x0000000000002f1a      0x264 Drivers/STM32L4xx_HAL_Driver/Src/stm32l4xx_hal_rcc_ex.o
 .debug_abbrev  0x000000000000317e      0x318 Drivers/STM32L4xx_HAL_Driver/Src/stm32l4xx_hal_spi.o
 .debug_abbrev  0x0000000000003496      0x31d Drivers/STM32L4xx_HAL_Driver/Src/stm32l4xx_hal_uart.o
 .debug_abbrev  0x00000000000037b3      0x356 Drivers/STM32L4xx_HAL_Driver/Src/stm32l4xx_ll_usb.o
 .debug_abbrev  0x0000000000003b09      0x343 Src/main.o
 .debug_abbrev  0x0000000000003e4c      0x24e Src/stm32l4xx_hal_msp.o
 .debug_abbrev  0x000000000000409a      0x155 Src/stm32l4xx_it.o
 .debug_abbrev  0x00000000000041ef      0x2d9 Src/syscalls.o
 .debug_abbrev  0x00000000000044c8      0x14b Src/system_stm32l4xx.o
 .debug_abbrev  0x0000000000004613       0x12 startup/startup_stm32l475xx.o

.debug_loc      0x0000000000000000    0x12b24
 .debug_loc     0x0000000000000000      0x9c8 Drivers/BSP/B-L475E-IOT01/stm32l475e_iot01.o
 .debug_loc     0x00000000000009c8       0x20 Drivers/BSP/B-L475E-IOT01/stm32l475e_iot01_hsensor.o
 .debug_loc     0x00000000000009e8       0x20 Drivers/BSP/B-L475E-IOT01/stm32l475e_iot01_psensor.o
 .debug_loc     0x0000000000000a08       0x20 Drivers/BSP/B-L475E-IOT01/stm32l475e_iot01_tsensor.o
 .debug_loc     0x0000000000000a28      0x22e Drivers/BSP/Components/hts221/hts221.o
 .debug_loc     0x0000000000000c56      0x271 Drivers/BSP/Components/lps22hb/lps22hb.o
 .debug_loc     0x0000000000000ec7      0x1d5 Drivers/STM32L4xx_HAL_Driver/Src/stm32l4xx_hal.o
 .debug_loc     0x000000000000109c     0x186b Drivers/STM32L4xx_HAL_Driver/Src/stm32l4xx_hal_adc.o
 .debug_loc     0x0000000000002907     0x16ef Drivers/STM32L4xx_HAL_Driver/Src/stm32l4xx_hal_adc_ex.o
 .debug_loc     0x0000000000003ff6      0x4fb Drivers/STM32L4xx_HAL_Driver/Src/stm32l4xx_hal_cortex.o
 .debug_loc     0x00000000000044f1     0x18a8 Drivers/STM32L4xx_HAL_Driver/Src/stm32l4xx_hal_dfsdm.o
 .debug_loc     0x0000000000005d99      0x2c1 Drivers/STM32L4xx_HAL_Driver/Src/stm32l4xx_hal_gpio.o
 .debug_loc     0x000000000000605a     0x3a9a Drivers/STM32L4xx_HAL_Driver/Src/stm32l4xx_hal_i2c.o
 .debug_loc     0x0000000000009af4      0x1a0 Drivers/STM32L4xx_HAL_Driver/Src/stm32l4xx_hal_i2c_ex.o
 .debug_loc     0x0000000000009c94      0xbb2 Drivers/STM32L4xx_HAL_Driver/Src/stm32l4xx_hal_pcd.o
 .debug_loc     0x000000000000a846      0x223 Drivers/STM32L4xx_HAL_Driver/Src/stm32l4xx_hal_pcd_ex.o
 .debug_loc     0x000000000000aa69      0x132 Drivers/STM32L4xx_HAL_Driver/Src/stm32l4xx_hal_pwr.o
 .debug_loc     0x000000000000ab9b      0x63b Drivers/STM32L4xx_HAL_Driver/Src/stm32l4xx_hal_pwr_ex.o
 .debug_loc     0x000000000000b1d6     0x102f Drivers/STM32L4xx_HAL_Driver/Src/stm32l4xx_hal_qspi.o
 .debug_loc     0x000000000000c205      0x5ed Drivers/STM32L4xx_HAL_Driver/Src/stm32l4xx_hal_rcc.o
 .debug_loc     0x000000000000c7f2      0xdaf Drivers/STM32L4xx_HAL_Driver/Src/stm32l4xx_hal_rcc_ex.o
 .debug_loc     0x000000000000d5a1     0x1a4a Drivers/STM32L4xx_HAL_Driver/Src/stm32l4xx_hal_spi.o
 .debug_loc     0x000000000000efeb     0x198d Drivers/STM32L4xx_HAL_Driver/Src/stm32l4xx_hal_uart.o
 .debug_loc     0x0000000000010978     0x19ad Drivers/STM32L4xx_HAL_Driver/Src/stm32l4xx_ll_usb.o
 .debug_loc     0x0000000000012325      0x252 Src/stm32l4xx_hal_msp.o
 .debug_loc     0x0000000000012577      0x3ef Src/syscalls.o
 .debug_loc     0x0000000000012966      0x1be Src/system_stm32l4xx.o

.debug_aranges  0x0000000000000000     0x1688
 .debug_aranges
                0x0000000000000000       0xe8 Drivers/BSP/B-L475E-IOT01/stm32l475e_iot01.o
 .debug_aranges
                0x00000000000000e8       0x30 Drivers/BSP/B-L475E-IOT01/stm32l475e_iot01_hsensor.o
 .debug_aranges
                0x0000000000000118       0x30 Drivers/BSP/B-L475E-IOT01/stm32l475e_iot01_psensor.o
 .debug_aranges
                0x0000000000000148       0x28 Drivers/BSP/B-L475E-IOT01/stm32l475e_iot01_tsensor.o
 .debug_aranges
                0x0000000000000170       0x40 Drivers/BSP/Components/hts221/hts221.o
 .debug_aranges
                0x00000000000001b0       0x48 Drivers/BSP/Components/lps22hb/lps22hb.o
 .debug_aranges
                0x00000000000001f8      0x128 Drivers/STM32L4xx_HAL_Driver/Src/stm32l4xx_hal.o
 .debug_aranges
                0x0000000000000320       0xf0 Drivers/STM32L4xx_HAL_Driver/Src/stm32l4xx_hal_adc.o
 .debug_aranges
                0x0000000000000410       0xf0 Drivers/STM32L4xx_HAL_Driver/Src/stm32l4xx_hal_adc_ex.o
 .debug_aranges
                0x0000000000000500       0xa8 Drivers/STM32L4xx_HAL_Driver/Src/stm32l4xx_hal_cortex.o
 .debug_aranges
                0x00000000000005a8      0x1f0 Drivers/STM32L4xx_HAL_Driver/Src/stm32l4xx_hal_dfsdm.o
 .debug_aranges
                0x0000000000000798       0x58 Drivers/STM32L4xx_HAL_Driver/Src/stm32l4xx_hal_gpio.o
 .debug_aranges
                0x00000000000007f0      0x238 Drivers/STM32L4xx_HAL_Driver/Src/stm32l4xx_hal_i2c.o
 .debug_aranges
                0x0000000000000a28       0x48 Drivers/STM32L4xx_HAL_Driver/Src/stm32l4xx_hal_i2c_ex.o
 .debug_aranges
                0x0000000000000a70       0xc0 Drivers/STM32L4xx_HAL_Driver/Src/stm32l4xx_hal_pcd.o
 .debug_aranges
                0x0000000000000b30       0x58 Drivers/STM32L4xx_HAL_Driver/Src/stm32l4xx_hal_pcd_ex.o
 .debug_aranges
                0x0000000000000b88       0x98 Drivers/STM32L4xx_HAL_Driver/Src/stm32l4xx_hal_pwr.o
 .debug_aranges
                0x0000000000000c20      0x130 Drivers/STM32L4xx_HAL_Driver/Src/stm32l4xx_hal_pwr_ex.o
 .debug_aranges
                0x0000000000000d50      0x108 Drivers/STM32L4xx_HAL_Driver/Src/stm32l4xx_hal_qspi.o
 .debug_aranges
                0x0000000000000e58       0x88 Drivers/STM32L4xx_HAL_Driver/Src/stm32l4xx_hal_rcc.o
 .debug_aranges
                0x0000000000000ee0       0xc0 Drivers/STM32L4xx_HAL_Driver/Src/stm32l4xx_hal_rcc_ex.o
 .debug_aranges
                0x0000000000000fa0      0x198 Drivers/STM32L4xx_HAL_Driver/Src/stm32l4xx_hal_spi.o
 .debug_aranges
                0x0000000000001138      0x1a0 Drivers/STM32L4xx_HAL_Driver/Src/stm32l4xx_hal_uart.o
 .debug_aranges
                0x00000000000012d8      0x198 Drivers/STM32L4xx_HAL_Driver/Src/stm32l4xx_ll_usb.o
 .debug_aranges
                0x0000000000001470       0x30 Src/main.o
 .debug_aranges
                0x00000000000014a0       0x90 Src/stm32l4xx_hal_msp.o
 .debug_aranges
                0x0000000000001530       0x58 Src/stm32l4xx_it.o
 .debug_aranges
                0x0000000000001588       0xb0 Src/syscalls.o
 .debug_aranges
                0x0000000000001638       0x28 Src/system_stm32l4xx.o
 .debug_aranges
                0x0000000000001660       0x28 startup/startup_stm32l475xx.o

.debug_ranges   0x0000000000000000     0x1e18
 .debug_ranges  0x0000000000000000      0x190 Drivers/BSP/B-L475E-IOT01/stm32l475e_iot01.o
 .debug_ranges  0x0000000000000190       0x20 Drivers/BSP/B-L475E-IOT01/stm32l475e_iot01_hsensor.o
 .debug_ranges  0x00000000000001b0       0x20 Drivers/BSP/B-L475E-IOT01/stm32l475e_iot01_psensor.o
 .debug_ranges  0x00000000000001d0       0x18 Drivers/BSP/B-L475E-IOT01/stm32l475e_iot01_tsensor.o
 .debug_ranges  0x00000000000001e8       0x30 Drivers/BSP/Components/hts221/hts221.o
 .debug_ranges  0x0000000000000218       0x38 Drivers/BSP/Components/lps22hb/lps22hb.o
 .debug_ranges  0x0000000000000250      0x118 Drivers/STM32L4xx_HAL_Driver/Src/stm32l4xx_hal.o
 .debug_ranges  0x0000000000000368      0x340 Drivers/STM32L4xx_HAL_Driver/Src/stm32l4xx_hal_adc.o
 .debug_ranges  0x00000000000006a8      0x260 Drivers/STM32L4xx_HAL_Driver/Src/stm32l4xx_hal_adc_ex.o
 .debug_ranges  0x0000000000000908      0x128 Drivers/STM32L4xx_HAL_Driver/Src/stm32l4xx_hal_cortex.o
 .debug_ranges  0x0000000000000a30      0x248 Drivers/STM32L4xx_HAL_Driver/Src/stm32l4xx_hal_dfsdm.o
 .debug_ranges  0x0000000000000c78       0x68 Drivers/STM32L4xx_HAL_Driver/Src/stm32l4xx_hal_gpio.o
 .debug_ranges  0x0000000000000ce0      0x270 Drivers/STM32L4xx_HAL_Driver/Src/stm32l4xx_hal_i2c.o
 .debug_ranges  0x0000000000000f50       0x68 Drivers/STM32L4xx_HAL_Driver/Src/stm32l4xx_hal_i2c_ex.o
 .debug_ranges  0x0000000000000fb8       0xe0 Drivers/STM32L4xx_HAL_Driver/Src/stm32l4xx_hal_pcd.o
 .debug_ranges  0x0000000000001098       0x48 Drivers/STM32L4xx_HAL_Driver/Src/stm32l4xx_hal_pcd_ex.o
 .debug_ranges  0x00000000000010e0       0x88 Drivers/STM32L4xx_HAL_Driver/Src/stm32l4xx_hal_pwr.o
 .debug_ranges  0x0000000000001168      0x120 Drivers/STM32L4xx_HAL_Driver/Src/stm32l4xx_hal_pwr_ex.o
 .debug_ranges  0x0000000000001288      0x110 Drivers/STM32L4xx_HAL_Driver/Src/stm32l4xx_hal_qspi.o
 .debug_ranges  0x0000000000001398       0x90 Drivers/STM32L4xx_HAL_Driver/Src/stm32l4xx_hal_rcc.o
 .debug_ranges  0x0000000000001428       0xf0 Drivers/STM32L4xx_HAL_Driver/Src/stm32l4xx_hal_rcc_ex.o
 .debug_ranges  0x0000000000001518      0x248 Drivers/STM32L4xx_HAL_Driver/Src/stm32l4xx_hal_spi.o
 .debug_ranges  0x0000000000001760      0x190 Drivers/STM32L4xx_HAL_Driver/Src/stm32l4xx_hal_uart.o
 .debug_ranges  0x00000000000018f0      0x1a0 Drivers/STM32L4xx_HAL_Driver/Src/stm32l4xx_ll_usb.o
 .debug_ranges  0x0000000000001a90      0x100 Src/main.o
 .debug_ranges  0x0000000000001b90      0x168 Src/stm32l4xx_hal_msp.o
 .debug_ranges  0x0000000000001cf8       0x48 Src/stm32l4xx_it.o
 .debug_ranges  0x0000000000001d40       0xa0 Src/syscalls.o
 .debug_ranges  0x0000000000001de0       0x18 Src/system_stm32l4xx.o
 .debug_ranges  0x0000000000001df8       0x20 startup/startup_stm32l475xx.o

.debug_line     0x0000000000000000     0xc429
 .debug_line    0x0000000000000000      0x59d Drivers/BSP/B-L475E-IOT01/stm32l475e_iot01.o
 .debug_line    0x000000000000059d      0x2e7 Drivers/BSP/B-L475E-IOT01/stm32l475e_iot01_hsensor.o
 .debug_line    0x0000000000000884      0x2ea Drivers/BSP/B-L475E-IOT01/stm32l475e_iot01_psensor.o
 .debug_line    0x0000000000000b6e      0x2ce Drivers/BSP/B-L475E-IOT01/stm32l475e_iot01_tsensor.o
 .debug_line    0x0000000000000e3c      0x20f Drivers/BSP/Components/hts221/hts221.o
 .debug_line    0x000000000000104b      0x20f Drivers/BSP/Components/lps22hb/lps22hb.o
 .debug_line    0x000000000000125a      0x4a9 Drivers/STM32L4xx_HAL_Driver/Src/stm32l4xx_hal.o
 .debug_line    0x0000000000001703      0xe4f Drivers/STM32L4xx_HAL_Driver/Src/stm32l4xx_hal_adc.o
 .debug_line    0x0000000000002552      0xc24 Drivers/STM32L4xx_HAL_Driver/Src/stm32l4xx_hal_adc_ex.o
 .debug_line    0x0000000000003176      0x483 Drivers/STM32L4xx_HAL_Driver/Src/stm32l4xx_hal_cortex.o
 .debug_line    0x00000000000035f9      0xae8 Drivers/STM32L4xx_HAL_Driver/Src/stm32l4xx_hal_dfsdm.o
 .debug_line    0x00000000000040e1      0x3ea Drivers/STM32L4xx_HAL_Driver/Src/stm32l4xx_hal_gpio.o
 .debug_line    0x00000000000044cb     0x1945 Drivers/STM32L4xx_HAL_Driver/Src/stm32l4xx_hal_i2c.o
 .debug_line    0x0000000000005e10      0x370 Drivers/STM32L4xx_HAL_Driver/Src/stm32l4xx_hal_i2c_ex.o
 .debug_line    0x0000000000006180      0x733 Drivers/STM32L4xx_HAL_Driver/Src/stm32l4xx_hal_pcd.o
 .debug_line    0x00000000000068b3      0x320 Drivers/STM32L4xx_HAL_Driver/Src/stm32l4xx_hal_pcd_ex.o
 .debug_line    0x0000000000006bd3      0x381 Drivers/STM32L4xx_HAL_Driver/Src/stm32l4xx_hal_pwr.o
 .debug_line    0x0000000000006f54      0x5a0 Drivers/STM32L4xx_HAL_Driver/Src/stm32l4xx_hal_pwr_ex.o
 .debug_line    0x00000000000074f4      0x86a Drivers/STM32L4xx_HAL_Driver/Src/stm32l4xx_hal_qspi.o
 .debug_line    0x0000000000007d5e      0x5db Drivers/STM32L4xx_HAL_Driver/Src/stm32l4xx_hal_rcc.o
 .debug_line    0x0000000000008339      0x70f Drivers/STM32L4xx_HAL_Driver/Src/stm32l4xx_hal_rcc_ex.o
 .debug_line    0x0000000000008a48      0xc8b Drivers/STM32L4xx_HAL_Driver/Src/stm32l4xx_hal_spi.o
 .debug_line    0x00000000000096d3      0xde3 Drivers/STM32L4xx_HAL_Driver/Src/stm32l4xx_hal_uart.o
 .debug_line    0x000000000000a4b6      0x8e1 Drivers/STM32L4xx_HAL_Driver/Src/stm32l4xx_ll_usb.o
 .debug_line    0x000000000000ad97      0x8b2 Src/main.o
 .debug_line    0x000000000000b649      0x4f5 Src/stm32l4xx_hal_msp.o
 .debug_line    0x000000000000bb3e      0x27c Src/stm32l4xx_it.o
 .debug_line    0x000000000000bdba      0x38f Src/syscalls.o
 .debug_line    0x000000000000c149      0x262 Src/system_stm32l4xx.o
 .debug_line    0x000000000000c3ab       0x7e startup/startup_stm32l475xx.o

.debug_str      0x0000000000000000     0x88e9
 .debug_str     0x0000000000000000     0x1515 Drivers/BSP/B-L475E-IOT01/stm32l475e_iot01.o
                                       0x167a (size before relaxing)
 .debug_str     0x0000000000001515      0x176 Drivers/BSP/B-L475E-IOT01/stm32l475e_iot01_hsensor.o
                                        0x56b (size before relaxing)
 .debug_str     0x000000000000168b       0xc9 Drivers/BSP/B-L475E-IOT01/stm32l475e_iot01_psensor.o
                                        0x56d (size before relaxing)
 .debug_str     0x0000000000001754       0x83 Drivers/BSP/B-L475E-IOT01/stm32l475e_iot01_tsensor.o
                                        0x563 (size before relaxing)
 .debug_str     0x00000000000017d7      0x10e Drivers/BSP/Components/hts221/hts221.o
                                        0x422 (size before relaxing)
 .debug_str     0x00000000000018e5       0xa5 Drivers/BSP/Components/lps22hb/lps22hb.o
                                        0x3d6 (size before relaxing)
 .debug_str     0x000000000000198a      0x3f6 Drivers/STM32L4xx_HAL_Driver/Src/stm32l4xx_hal.o
                                        0xe73 (size before relaxing)
 .debug_str     0x0000000000001d80      0xc0b Drivers/STM32L4xx_HAL_Driver/Src/stm32l4xx_hal_adc.o
                                       0x12f2 (size before relaxing)
 .debug_str     0x000000000000298b      0x5e7 Drivers/STM32L4xx_HAL_Driver/Src/stm32l4xx_hal_adc_ex.o
                                       0x12b0 (size before relaxing)
 .debug_str     0x0000000000002f72      0x470 Drivers/STM32L4xx_HAL_Driver/Src/stm32l4xx_hal_cortex.o
                                        0xe1e (size before relaxing)
 .debug_str     0x00000000000033e2      0xd7e Drivers/STM32L4xx_HAL_Driver/Src/stm32l4xx_hal_dfsdm.o
                                       0x1442 (size before relaxing)
 .debug_str     0x0000000000004160       0xed Drivers/STM32L4xx_HAL_Driver/Src/stm32l4xx_hal_gpio.o
                                        0x76c (size before relaxing)
 .debug_str     0x000000000000424d      0x7ef Drivers/STM32L4xx_HAL_Driver/Src/stm32l4xx_hal_i2c.o
                                       0x112b (size before relaxing)
 .debug_str     0x0000000000004a3c       0xd6 Drivers/STM32L4xx_HAL_Driver/Src/stm32l4xx_hal_i2c_ex.o
                                        0xadd (size before relaxing)
 .debug_str     0x0000000000004b12      0xb3a Drivers/STM32L4xx_HAL_Driver/Src/stm32l4xx_hal_pcd.o
                                        0xf76 (size before relaxing)
 .debug_str     0x000000000000564c      0x1af Drivers/STM32L4xx_HAL_Driver/Src/stm32l4xx_hal_pcd_ex.o
                                        0x9c6 (size before relaxing)
 .debug_str     0x00000000000057fb      0x2d6 Drivers/STM32L4xx_HAL_Driver/Src/stm32l4xx_hal_pwr.o
                                        0x8c8 (size before relaxing)
 .debug_str     0x0000000000005ad1      0x412 Drivers/STM32L4xx_HAL_Driver/Src/stm32l4xx_hal_pwr_ex.o
                                        0x9f1 (size before relaxing)
 .debug_str     0x0000000000005ee3      0x67b Drivers/STM32L4xx_HAL_Driver/Src/stm32l4xx_hal_qspi.o
                                        0xd14 (size before relaxing)
 .debug_str     0x000000000000655e      0x394 Drivers/STM32L4xx_HAL_Driver/Src/stm32l4xx_hal_rcc.o
                                        0xa54 (size before relaxing)
 .debug_str     0x00000000000068f2      0x562 Drivers/STM32L4xx_HAL_Driver/Src/stm32l4xx_hal_rcc_ex.o
                                        0xcd9 (size before relaxing)
 .debug_str     0x0000000000006e54      0x68e Drivers/STM32L4xx_HAL_Driver/Src/stm32l4xx_hal_spi.o
                                        0xd89 (size before relaxing)
 .debug_str     0x00000000000074e2      0x6c7 Drivers/STM32L4xx_HAL_Driver/Src/stm32l4xx_hal_uart.o
                                       0x10a7 (size before relaxing)
 .debug_str     0x0000000000007ba9      0x42b Drivers/STM32L4xx_HAL_Driver/Src/stm32l4xx_ll_usb.o
                                        0xea9 (size before relaxing)
 .debug_str     0x0000000000007fd4      0x59b Src/main.o
                                       0x2a0a (size before relaxing)
 .debug_str     0x000000000000856f       0x1b Src/stm32l4xx_hal_msp.o
                                       0x1880 (size before relaxing)
 .debug_str     0x000000000000858a       0xce Src/stm32l4xx_it.o
                                        0x4bf (size before relaxing)
 .debug_str     0x0000000000008658      0x256 Src/syscalls.o
                                        0x86e (size before relaxing)
 .debug_str     0x00000000000088ae       0x3b Src/system_stm32l4xx.o
                                        0x5ba (size before relaxing)

.comment        0x0000000000000000       0x7c
 .comment       0x0000000000000000       0x7c Drivers/BSP/B-L475E-IOT01/stm32l475e_iot01.o
                                         0x7d (size before relaxing)
 .comment       0x000000000000007c       0x7d Drivers/BSP/B-L475E-IOT01/stm32l475e_iot01_hsensor.o
 .comment       0x000000000000007c       0x7d Drivers/BSP/B-L475E-IOT01/stm32l475e_iot01_psensor.o
 .comment       0x000000000000007c       0x7d Drivers/BSP/B-L475E-IOT01/stm32l475e_iot01_tsensor.o
 .comment       0x000000000000007c       0x7d Drivers/BSP/Components/hts221/hts221.o
 .comment       0x000000000000007c       0x7d Drivers/BSP/Components/lps22hb/lps22hb.o
 .comment       0x000000000000007c       0x7d Drivers/STM32L4xx_HAL_Driver/Src/stm32l4xx_hal.o
 .comment       0x000000000000007c       0x7d Drivers/STM32L4xx_HAL_Driver/Src/stm32l4xx_hal_adc.o
 .comment       0x000000000000007c       0x7d Drivers/STM32L4xx_HAL_Driver/Src/stm32l4xx_hal_adc_ex.o
 .comment       0x000000000000007c       0x7d Drivers/STM32L4xx_HAL_Driver/Src/stm32l4xx_hal_cortex.o
 .comment       0x000000000000007c       0x7d Drivers/STM32L4xx_HAL_Driver/Src/stm32l4xx_hal_dfsdm.o
 .comment       0x000000000000007c       0x7d Drivers/STM32L4xx_HAL_Driver/Src/stm32l4xx_hal_gpio.o
 .comment       0x000000000000007c       0x7d Drivers/STM32L4xx_HAL_Driver/Src/stm32l4xx_hal_i2c.o
 .comment       0x000000000000007c       0x7d Drivers/STM32L4xx_HAL_Driver/Src/stm32l4xx_hal_i2c_ex.o
 .comment       0x000000000000007c       0x7d Drivers/STM32L4xx_HAL_Driver/Src/stm32l4xx_hal_pcd.o
 .comment       0x000000000000007c       0x7d Drivers/STM32L4xx_HAL_Driver/Src/stm32l4xx_hal_pcd_ex.o
 .comment       0x000000000000007c       0x7d Drivers/STM32L4xx_HAL_Driver/Src/stm32l4xx_hal_pwr.o
 .comment       0x000000000000007c       0x7d Drivers/STM32L4xx_HAL_Driver/Src/stm32l4xx_hal_pwr_ex.o
 .comment       0x000000000000007c       0x7d Drivers/STM32L4xx_HAL_Driver/Src/stm32l4xx_hal_qspi.o
 .comment       0x000000000000007c       0x7d Drivers/STM32L4xx_HAL_Driver/Src/stm32l4xx_hal_rcc.o
 .comment       0x000000000000007c       0x7d Drivers/STM32L4xx_HAL_Driver/Src/stm32l4xx_hal_rcc_ex.o
 .comment       0x000000000000007c       0x7d Drivers/STM32L4xx_HAL_Driver/Src/stm32l4xx_hal_spi.o
 .comment       0x000000000000007c       0x7d Drivers/STM32L4xx_HAL_Driver/Src/stm32l4xx_hal_uart.o
 .comment       0x000000000000007c       0x7d Drivers/STM32L4xx_HAL_Driver/Src/stm32l4xx_ll_usb.o
 .comment       0x000000000000007c       0x7d Src/main.o
 .comment       0x000000000000007c       0x7d Src/stm32l4xx_hal_msp.o
 .comment       0x000000000000007c       0x7d Src/stm32l4xx_it.o
 .comment       0x000000000000007c       0x7d Src/syscalls.o
 .comment       0x000000000000007c       0x7d Src/system_stm32l4xx.o

.debug_frame    0x0000000000000000     0x45b8
 .debug_frame   0x0000000000000000      0x2d4 Drivers/BSP/B-L475E-IOT01/stm32l475e_iot01.o
 .debug_frame   0x00000000000002d4       0x48 Drivers/BSP/B-L475E-IOT01/stm32l475e_iot01_hsensor.o
 .debug_frame   0x000000000000031c       0x48 Drivers/BSP/B-L475E-IOT01/stm32l475e_iot01_psensor.o
 .debug_frame   0x0000000000000364       0x38 Drivers/BSP/B-L475E-IOT01/stm32l475e_iot01_tsensor.o
 .debug_frame   0x000000000000039c       0xb0 Drivers/BSP/Components/hts221/hts221.o
 .debug_frame   0x000000000000044c       0xa4 Drivers/BSP/Components/lps22hb/lps22hb.o
 .debug_frame   0x00000000000004f0      0x280 Drivers/STM32L4xx_HAL_Driver/Src/stm32l4xx_hal.o
 .debug_frame   0x0000000000000770      0x330 Drivers/STM32L4xx_HAL_Driver/Src/stm32l4xx_hal_adc.o
 .debug_frame   0x0000000000000aa0      0x30c Drivers/STM32L4xx_HAL_Driver/Src/stm32l4xx_hal_adc_ex.o
 .debug_frame   0x0000000000000dac      0x158 Drivers/STM32L4xx_HAL_Driver/Src/stm32l4xx_hal_cortex.o
 .debug_frame   0x0000000000000f04      0x5f0 Drivers/STM32L4xx_HAL_Driver/Src/stm32l4xx_hal_dfsdm.o
 .debug_frame   0x00000000000014f4       0xd8 Drivers/STM32L4xx_HAL_Driver/Src/stm32l4xx_hal_gpio.o
 .debug_frame   0x00000000000015cc      0x8dc Drivers/STM32L4xx_HAL_Driver/Src/stm32l4xx_hal_i2c.o
 .debug_frame   0x0000000000001ea8       0x90 Drivers/STM32L4xx_HAL_Driver/Src/stm32l4xx_hal_i2c_ex.o
 .debug_frame   0x0000000000001f38      0x2c8 Drivers/STM32L4xx_HAL_Driver/Src/stm32l4xx_hal_pcd.o
 .debug_frame   0x0000000000002200       0xb8 Drivers/STM32L4xx_HAL_Driver/Src/stm32l4xx_hal_pcd_ex.o
 .debug_frame   0x00000000000022b8      0x118 Drivers/STM32L4xx_HAL_Driver/Src/stm32l4xx_hal_pwr.o
 .debug_frame   0x00000000000023d0      0x278 Drivers/STM32L4xx_HAL_Driver/Src/stm32l4xx_hal_pwr_ex.o
 .debug_frame   0x0000000000002648      0x3f0 Drivers/STM32L4xx_HAL_Driver/Src/stm32l4xx_hal_qspi.o
 .debug_frame   0x0000000000002a38      0x160 Drivers/STM32L4xx_HAL_Driver/Src/stm32l4xx_hal_rcc.o
 .debug_frame   0x0000000000002b98      0x200 Drivers/STM32L4xx_HAL_Driver/Src/stm32l4xx_hal_rcc_ex.o
 .debug_frame   0x0000000000002d98      0x5b0 Drivers/STM32L4xx_HAL_Driver/Src/stm32l4xx_hal_spi.o
 .debug_frame   0x0000000000003348      0x558 Drivers/STM32L4xx_HAL_Driver/Src/stm32l4xx_hal_uart.o
 .debug_frame   0x00000000000038a0      0x448 Drivers/STM32L4xx_HAL_Driver/Src/stm32l4xx_ll_usb.o
 .debug_frame   0x0000000000003ce8       0x80 Src/main.o
 .debug_frame   0x0000000000003d68      0x198 Src/stm32l4xx_hal_msp.o
 .debug_frame   0x0000000000003f00       0xd8 Src/stm32l4xx_it.o
 .debug_frame   0x0000000000003fd8      0x1a8 Src/syscalls.o
 .debug_frame   0x0000000000004180       0x38 Src/system_stm32l4xx.o
 .debug_frame   0x00000000000041b8       0x20 /opt/Atollic_TrueSTUDIO_for_STM32_x86_64_9.3.0/ARMTools/bin/../lib/gcc/arm-atollic-eabi/6.3.1/../../../../arm-atollic-eabi/lib/armv7e-m/fpu/libc_nano.a(lib_a-errno.o)
 .debug_frame   0x00000000000041d8       0x2c /opt/Atollic_TrueSTUDIO_for_STM32_x86_64_9.3.0/ARMTools/bin/../lib/gcc/arm-atollic-eabi/6.3.1/../../../../arm-atollic-eabi/lib/armv7e-m/fpu/libc_nano.a(lib_a-init.o)
 .debug_frame   0x0000000000004204       0x20 /opt/Atollic_TrueSTUDIO_for_STM32_x86_64_9.3.0/ARMTools/bin/../lib/gcc/arm-atollic-eabi/6.3.1/../../../../arm-atollic-eabi/lib/armv7e-m/fpu/libc_nano.a(lib_a-memset.o)
 .debug_frame   0x0000000000004224       0x7c /opt/Atollic_TrueSTUDIO_for_STM32_x86_64_9.3.0/ARMTools/bin/../lib/gcc/arm-atollic-eabi/6.3.1/../../../../arm-atollic-eabi/lib/armv7e-m/fpu/libc_nano.a(lib_a-snprintf.o)
 .debug_frame   0x00000000000042a0       0x90 /opt/Atollic_TrueSTUDIO_for_STM32_x86_64_9.3.0/ARMTools/bin/../lib/gcc/arm-atollic-eabi/6.3.1/../../../../arm-atollic-eabi/lib/armv7e-m/fpu/libc_nano.a(lib_a-nano-svfprintf.o)
 .debug_frame   0x0000000000004330       0x60 /opt/Atollic_TrueSTUDIO_for_STM32_x86_64_9.3.0/ARMTools/bin/../lib/gcc/arm-atollic-eabi/6.3.1/../../../../arm-atollic-eabi/lib/armv7e-m/fpu/libc_nano.a(lib_a-nano-vfprintf_i.o)
 .debug_frame   0x0000000000004390       0x28 /opt/Atollic_TrueSTUDIO_for_STM32_x86_64_9.3.0/ARMTools/bin/../lib/gcc/arm-atollic-eabi/6.3.1/../../../../arm-atollic-eabi/lib/armv7e-m/fpu/libc_nano.a(lib_a-memcpy-stub.o)
 .debug_frame   0x00000000000043b8       0x28 /opt/Atollic_TrueSTUDIO_for_STM32_x86_64_9.3.0/ARMTools/bin/../lib/gcc/arm-atollic-eabi/6.3.1/../../../../arm-atollic-eabi/lib/armv7e-m/fpu/libc_nano.a(lib_a-memmove.o)
 .debug_frame   0x00000000000043e0       0x38 /opt/Atollic_TrueSTUDIO_for_STM32_x86_64_9.3.0/ARMTools/bin/../lib/gcc/arm-atollic-eabi/6.3.1/../../../../arm-atollic-eabi/lib/armv7e-m/fpu/libc_nano.a(lib_a-nano-freer.o)
 .debug_frame   0x0000000000004418       0x2c /opt/Atollic_TrueSTUDIO_for_STM32_x86_64_9.3.0/ARMTools/bin/../lib/gcc/arm-atollic-eabi/6.3.1/../../../../arm-atollic-eabi/lib/armv7e-m/fpu/libc_nano.a(lib_a-nano-mallocr.o)
 .debug_frame   0x0000000000004444       0x3c /opt/Atollic_TrueSTUDIO_for_STM32_x86_64_9.3.0/ARMTools/bin/../lib/gcc/arm-atollic-eabi/6.3.1/../../../../arm-atollic-eabi/lib/armv7e-m/fpu/libc_nano.a(lib_a-nano-reallocr.o)
 .debug_frame   0x0000000000004480       0x2c /opt/Atollic_TrueSTUDIO_for_STM32_x86_64_9.3.0/ARMTools/bin/../lib/gcc/arm-atollic-eabi/6.3.1/../../../../arm-atollic-eabi/lib/armv7e-m/fpu/libc_nano.a(lib_a-sbrkr.o)
 .debug_frame   0x00000000000044ac       0x30 /opt/Atollic_TrueSTUDIO_for_STM32_x86_64_9.3.0/ARMTools/bin/../lib/gcc/arm-atollic-eabi/6.3.1/../../../../arm-atollic-eabi/lib/armv7e-m/fpu/libc_nano.a(lib_a-mlock.o)
 .debug_frame   0x00000000000044dc       0x20 /opt/Atollic_TrueSTUDIO_for_STM32_x86_64_9.3.0/ARMTools/bin/../lib/gcc/arm-atollic-eabi/6.3.1/../../../../arm-atollic-eabi/lib/armv7e-m/fpu/libc_nano.a(lib_a-nano-msizer.o)
 .debug_frame   0x00000000000044fc       0x5c /opt/Atollic_TrueSTUDIO_for_STM32_x86_64_9.3.0/ARMTools/bin/../lib/gcc/arm-atollic-eabi/6.3.1/../../../../arm-atollic-eabi/lib/armv7e-m/fpu/libc_nano.a(lib_a-reent.o)
 .debug_frame   0x0000000000004558       0x2c /opt/Atollic_TrueSTUDIO_for_STM32_x86_64_9.3.0/ARMTools/bin/../lib/gcc/arm-atollic-eabi/6.3.1/armv7e-m/fpu/libgcc.a(_aeabi_uldivmod.o)
 .debug_frame   0x0000000000004584       0x34 /opt/Atollic_TrueSTUDIO_for_STM32_x86_64_9.3.0/ARMTools/bin/../lib/gcc/arm-atollic-eabi/6.3.1/armv7e-m/fpu/libgcc.a(_udivmoddi4.o)
