stm32l4xx_hal_msp.c:64:6:HAL_MspInit	8	static
stm32l4xx_hal_msp.c:86:6:HAL_ADC_MspInit	56	static
stm32l4xx_hal_msp.c:139:6:HAL_ADC_MspDeInit	8	static
stm32l4xx_hal_msp.c:180:6:HAL_DFSDM_ChannelMspInit	40	static
stm32l4xx_hal_msp.c:216:6:HAL_DFSDM_ChannelMspDeInit	0	static
stm32l4xx_hal_msp.c:246:6:HAL_I2C_MspInit	40	static
stm32l4xx_hal_msp.c:282:6:HAL_I2C_MspDeInit	0	static
stm32l4xx_hal_msp.c:311:6:HAL_QSPI_MspInit	40	static
stm32l4xx_hal_msp.c:352:6:HAL_QSPI_MspDeInit	0	static
stm32l4xx_hal_msp.c:386:6:HAL_SPI_MspInit	40	static
stm32l4xx_hal_msp.c:423:6:HAL_SPI_MspDeInit	0	static
stm32l4xx_hal_msp.c:453:6:HAL_UART_MspInit	40	static
stm32l4xx_hal_msp.c:489:6:HAL_UART_MspDeInit	0	static
stm32l4xx_hal_msp.c:518:6:HAL_PCD_MspInit	40	static
stm32l4xx_hal_msp.c:573:6:HAL_PCD_MspDeInit	16	static
